Archive member included to satisfy reference by file (symbol)

/home/bjoern/.cache/arduino/sketches/B4859D73BD6649CA87C0E6740254D16D/../../cores/sensebox_samd_sb_power_on_0743e0a0cbab6bbb1190cca0393ac711/core.a(SERCOM.cpp.o)
                              /home/bjoern/.cache/arduino/sketches/B4859D73BD6649CA87C0E6740254D16D/core/variant.cpp.o (SERCOM::SERCOM(Sercom*))
/home/bjoern/.cache/arduino/sketches/B4859D73BD6649CA87C0E6740254D16D/../../cores/sensebox_samd_sb_power_on_0743e0a0cbab6bbb1190cca0393ac711/core.a(CDC.cpp.o)
                              /home/bjoern/.cache/arduino/sketches/B4859D73BD6649CA87C0E6740254D16D/sketch/serial-test.ino.cpp.o (Serial_::begin(unsigned long))
/home/bjoern/.cache/arduino/sketches/B4859D73BD6649CA87C0E6740254D16D/../../cores/sensebox_samd_sb_power_on_0743e0a0cbab6bbb1190cca0393ac711/core.a(USBCore.cpp.o)
                              /home/bjoern/.cache/arduino/sketches/B4859D73BD6649CA87C0E6740254D16D/../../cores/sensebox_samd_sb_power_on_0743e0a0cbab6bbb1190cca0393ac711/core.a(CDC.cpp.o) (usbd)
/home/bjoern/.cache/arduino/sketches/B4859D73BD6649CA87C0E6740254D16D/../../cores/sensebox_samd_sb_power_on_0743e0a0cbab6bbb1190cca0393ac711/core.a(Uart.cpp.o)
                              /home/bjoern/.cache/arduino/sketches/B4859D73BD6649CA87C0E6740254D16D/core/variant.cpp.o (Uart::Uart(SERCOM*, unsigned char, unsigned char, SercomRXPad, SercomUartTXPad))
/home/bjoern/.cache/arduino/sketches/B4859D73BD6649CA87C0E6740254D16D/../../cores/sensebox_samd_sb_power_on_0743e0a0cbab6bbb1190cca0393ac711/core.a(PluggableUSB.cpp.o)
                              /home/bjoern/.cache/arduino/sketches/B4859D73BD6649CA87C0E6740254D16D/../../cores/sensebox_samd_sb_power_on_0743e0a0cbab6bbb1190cca0393ac711/core.a(USBCore.cpp.o) (arduino::PluggableUSB_::getInterface(unsigned char*))
/home/bjoern/.cache/arduino/sketches/B4859D73BD6649CA87C0E6740254D16D/../../cores/sensebox_samd_sb_power_on_0743e0a0cbab6bbb1190cca0393ac711/core.a(Print.cpp.o)
                              /home/bjoern/.cache/arduino/sketches/B4859D73BD6649CA87C0E6740254D16D/../../cores/sensebox_samd_sb_power_on_0743e0a0cbab6bbb1190cca0393ac711/core.a(Uart.cpp.o) (arduino::Print::write(unsigned char const*, unsigned int))
/home/bjoern/.cache/arduino/sketches/B4859D73BD6649CA87C0E6740254D16D/../../cores/sensebox_samd_sb_power_on_0743e0a0cbab6bbb1190cca0393ac711/core.a(cortex_handlers.c.o)
                              (Reset_Handler)
/home/bjoern/.cache/arduino/sketches/B4859D73BD6649CA87C0E6740254D16D/../../cores/sensebox_samd_sb_power_on_0743e0a0cbab6bbb1190cca0393ac711/core.a(delay.c.o)
                              /home/bjoern/.cache/arduino/sketches/B4859D73BD6649CA87C0E6740254D16D/../../cores/sensebox_samd_sb_power_on_0743e0a0cbab6bbb1190cca0393ac711/core.a(CDC.cpp.o) (millis)
/home/bjoern/.cache/arduino/sketches/B4859D73BD6649CA87C0E6740254D16D/../../cores/sensebox_samd_sb_power_on_0743e0a0cbab6bbb1190cca0393ac711/core.a(hooks.c.o)
                              /home/bjoern/.cache/arduino/sketches/B4859D73BD6649CA87C0E6740254D16D/../../cores/sensebox_samd_sb_power_on_0743e0a0cbab6bbb1190cca0393ac711/core.a(delay.c.o) (yield)
/home/bjoern/.cache/arduino/sketches/B4859D73BD6649CA87C0E6740254D16D/../../cores/sensebox_samd_sb_power_on_0743e0a0cbab6bbb1190cca0393ac711/core.a(main.cpp.o)
                              /home/bjoern/.arduino15/packages/arduino/tools/arm-none-eabi-gcc/7-2017q4/bin/../lib/gcc/arm-none-eabi/7.2.1/../../../../arm-none-eabi/lib/thumb/v6-m/crt0.o (main)
/home/bjoern/.cache/arduino/sketches/B4859D73BD6649CA87C0E6740254D16D/../../cores/sensebox_samd_sb_power_on_0743e0a0cbab6bbb1190cca0393ac711/core.a(new.cpp.o)
                              /home/bjoern/.cache/arduino/sketches/B4859D73BD6649CA87C0E6740254D16D/../../cores/sensebox_samd_sb_power_on_0743e0a0cbab6bbb1190cca0393ac711/core.a(USBCore.cpp.o) (operator new(unsigned int))
/home/bjoern/.cache/arduino/sketches/B4859D73BD6649CA87C0E6740254D16D/../../cores/sensebox_samd_sb_power_on_0743e0a0cbab6bbb1190cca0393ac711/core.a(startup.c.o)
                              /home/bjoern/.cache/arduino/sketches/B4859D73BD6649CA87C0E6740254D16D/../../cores/sensebox_samd_sb_power_on_0743e0a0cbab6bbb1190cca0393ac711/core.a(cortex_handlers.c.o) (SystemInit)
/home/bjoern/.cache/arduino/sketches/B4859D73BD6649CA87C0E6740254D16D/../../cores/sensebox_samd_sb_power_on_0743e0a0cbab6bbb1190cca0393ac711/core.a(wiring.c.o)
                              /home/bjoern/.cache/arduino/sketches/B4859D73BD6649CA87C0E6740254D16D/../../cores/sensebox_samd_sb_power_on_0743e0a0cbab6bbb1190cca0393ac711/core.a(main.cpp.o) (init)
/home/bjoern/.cache/arduino/sketches/B4859D73BD6649CA87C0E6740254D16D/../../cores/sensebox_samd_sb_power_on_0743e0a0cbab6bbb1190cca0393ac711/core.a(wiring_analog.c.o)
[...]
Memory Configuration

Name             Origin             Length             Attributes
FLASH            0x0000000000002000 0x000000000003e000 xr
RAM              0x0000000020000000 0x0000000000008000 xrw
*default*        0x0000000000000000 0xffffffffffffffff

Linker script and memory map

LOAD /home/bjoern/.arduino15/packages/arduino/tools/arm-none-eabi-gcc/7-2017q4/bin/../lib/gcc/arm-none-eabi/7.2.1/thumb/v6-m/crti.o
LOAD /home/bjoern/.arduino15/packages/arduino/tools/arm-none-eabi-gcc/7-2017q4/bin/../lib/gcc/arm-none-eabi/7.2.1/thumb/v6-m/crtbegin.o
LOAD /home/bjoern/.arduino15/packages/arduino/tools/arm-none-eabi-gcc/7-2017q4/bin/../lib/gcc/arm-none-eabi/7.2.1/../../../../arm-none-eabi/lib/thumb/v6-m/crt0.o
LOAD /home/bjoern/.cache/arduino/sketches/B4859D73BD6649CA87C0E6740254D16D/sketch/serial-test.ino.cpp.o
LOAD /home/bjoern/.cache/arduino/sketches/B4859D73BD6649CA87C0E6740254D16D/libraries/SolarChargerSB041/SolarChargerSB041.cpp.o
LOAD /home/bjoern/.cache/arduino/sketches/B4859D73BD6649CA87C0E6740254D16D/libraries/Wire/Wire.cpp.o
LOAD /home/bjoern/.cache/arduino/sketches/B4859D73BD6649CA87C0E6740254D16D/core/variant.cpp.o
START GROUP
LOAD /home/bjoern/.arduino15/packages/arduino/tools/CMSIS/4.5.0/CMSIS/Lib/GCC//libarm_cortexM0l_math.a
LOAD /home/bjoern/.cache/arduino/sketches/B4859D73BD6649CA87C0E6740254D16D/../../cores/sensebox_samd_sb_power_on_0743e0a0cbab6bbb1190cca0393ac711/core.a
END GROUP
LOAD /home/bjoern/.arduino15/packages/arduino/tools/arm-none-eabi-gcc/7-2017q4/bin/../lib/gcc/arm-none-eabi/7.2.1/../../../../arm-none-eabi/lib/thumb/v6-m/libstdc++_nano.a
LOAD /home/bjoern/.arduino15/packages/arduino/tools/arm-none-eabi-gcc/7-2017q4/bin/../lib/gcc/arm-none-eabi/7.2.1/../../../../arm-none-eabi/lib/thumb/v6-m/libm.a
START GROUP
LOAD /home/bjoern/.arduino15/packages/arduino/tools/arm-none-eabi-gcc/7-2017q4/bin/../lib/gcc/arm-none-eabi/7.2.1/thumb/v6-m/libgcc.a
LOAD /home/bjoern/.arduino15/packages/arduino/tools/arm-none-eabi-gcc/7-2017q4/bin/../lib/gcc/arm-none-eabi/7.2.1/../../../../arm-none-eabi/lib/thumb/v6-m/libc_nano.a
END GROUP
START GROUP
LOAD /home/bjoern/.arduino15/packages/arduino/tools/arm-none-eabi-gcc/7-2017q4/bin/../lib/gcc/arm-none-eabi/7.2.1/thumb/v6-m/libgcc.a
LOAD /home/bjoern/.arduino15/packages/arduino/tools/arm-none-eabi-gcc/7-2017q4/bin/../lib/gcc/arm-none-eabi/7.2.1/../../../../arm-none-eabi/lib/thumb/v6-m/libc_nano.a
LOAD /home/bjoern/.arduino15/packages/arduino/tools/arm-none-eabi-gcc/7-2017q4/bin/../lib/gcc/arm-none-eabi/7.2.1/../../../../arm-none-eabi/lib/thumb/v6-m/libnosys.a
END GROUP
START GROUP
LOAD /home/bjoern/.arduino15/packages/arduino/tools/arm-none-eabi-gcc/7-2017q4/bin/../lib/gcc/arm-none-eabi/7.2.1/thumb/v6-m/libgcc.a
LOAD /home/bjoern/.arduino15/packages/arduino/tools/arm-none-eabi-gcc/7-2017q4/bin/../lib/gcc/arm-none-eabi/7.2.1/../../../../arm-none-eabi/lib/thumb/v6-m/libc_nano.a
LOAD /home/bjoern/.arduino15/packages/arduino/tools/arm-none-eabi-gcc/7-2017q4/bin/../lib/gcc/arm-none-eabi/7.2.1/../../../../arm-none-eabi/lib/thumb/v6-m/libnosys.a
END GROUP
LOAD /home/bjoern/.arduino15/packages/arduino/tools/arm-none-eabi-gcc/7-2017q4/bin/../lib/gcc/arm-none-eabi/7.2.1/thumb/v6-m/crtend.o
LOAD /home/bjoern/.arduino15/packages/arduino/tools/arm-none-eabi-gcc/7-2017q4/bin/../lib/gcc/arm-none-eabi/7.2.1/thumb/v6-m/crtn.o

.text           0x0000000000002000     0x56a0
                0x0000000000002000                __text_start__ = .
 *(.sketch_boot)
                0x0000000000002000                . = ALIGN (0x2000)
 *(.isr_vector)
 .isr_vector    0x0000000000002000       0xb4 /home/bjoern/.cache/arduino/sketches/B4859D73BD6649CA87C0E6740254D16D/../../cores/sensebox_samd_sb_power_on_0743e0a0cbab6bbb1190cca0393ac711/core.a(cortex_handlers.c.o)
                0x0000000000002000                exception_table
 *(.text*)
 .text          0x00000000000020b4       0x48 /home/bjoern/.arduino15/packages/arduino/tools/arm-none-eabi-gcc/7-2017q4/bin/../lib/gcc/arm-none-eabi/7.2.1/thumb/v6-m/crtbegin.o
 .text.loop     0x00000000000020fc      0x104 /home/bjoern/.cache/arduino/sketches/B4859D73BD6649CA87C0E6740254D16D/sketch/serial-test.ino.cpp.o
                0x00000000000020fc                loop
 .text.startup._GLOBAL__sub_I_charger
                0x0000000000002200       0x10 /home/bjoern/.cache/arduino/sketches/B4859D73BD6649CA87C0E6740254D16D/sketch/serial-test.ino.cpp.o
 .text.setup    0x0000000000002210       0x1c /home/bjoern/.cache/arduino/sketches/B4859D73BD6649CA87C0E6740254D16D/sketch/serial-test.ino.cpp.o
                0x0000000000002210                setup
 .text._ZN17SolarChargerSB041C2Eh
                0x000000000000222c       0x20 /home/bjoern/.cache/arduino/sketches/B4859D73BD6649CA87C0E6740254D16D/libraries/SolarChargerSB041/SolarChargerSB041.cpp.o
                0x000000000000222c                SolarChargerSB041::SolarChargerSB041(unsigned char)
                0x000000000000222c                SolarChargerSB041::SolarChargerSB041(unsigned char)
 .text._ZNK17SolarChargerSB04118isBatteryConnectedEv
                0x000000000000224c        0x4 /home/bjoern/.cache/arduino/sketches/B4859D73BD6649CA87C0E6740254D16D/libraries/SolarChargerSB041/SolarChargerSB041.cpp.o
                0x000000000000224c                SolarChargerSB041::isBatteryConnected() const
 .text._ZNK17SolarChargerSB04120getSolarPanelVoltageEv
                0x0000000000002250        0x4 /home/bjoern/.cache/arduino/sketches/B4859D73BD6649CA87C0E6740254D16D/libraries/SolarChargerSB041/SolarChargerSB041.cpp.o
                0x0000000000002250                SolarChargerSB041::getSolarPanelVoltage() const
 .text._ZNK17SolarChargerSB04117getBatteryVoltageEv
                0x0000000000002254        0x4 /home/bjoern/.cache/arduino/sketches/B4859D73BD6649CA87C0E6740254D16D/libraries/SolarChargerSB041/SolarChargerSB041.cpp.o
                0x0000000000002254                SolarChargerSB041::getBatteryVoltage() const
 .text._ZNK17SolarChargerSB04115getBatteryLevelEv
                0x0000000000002258        0x4 /home/bjoern/.cache/arduino/sketches/B4859D73BD6649CA87C0E6740254D16D/libraries/SolarChargerSB041/SolarChargerSB041.cpp.o
                0x0000000000002258                SolarChargerSB041::getBatteryLevel() const
 .text._ZNK17SolarChargerSB04110isChargingEv
                0x000000000000225c        0x4 /home/bjoern/.cache/arduino/sketches/B4859D73BD6649CA87C0E6740254D16D/libraries/SolarChargerSB041/SolarChargerSB041.cpp.o
                0x000000000000225c                SolarChargerSB041::isCharging() const
 .text._ZNK17SolarChargerSB04114isFastChargingEv
                0x0000000000002260        0x4 /home/bjoern/.cache/arduino/sketches/B4859D73BD6649CA87C0E6740254D16D/libraries/SolarChargerSB041/SolarChargerSB041.cpp.o
                0x0000000000002260                SolarChargerSB041::isFastCharging() const
 .text._ZNK17SolarChargerSB04121getBatteryTemperatureEv
                0x0000000000002264        0x4 /home/bjoern/.cache/arduino/sketches/B4859D73BD6649CA87C0E6740254D16D/libraries/SolarChargerSB041/SolarChargerSB041.cpp.o
                0x0000000000002264                SolarChargerSB041::getBatteryTemperature() const
 .text._ZN17SolarChargerSB0416updateEv
                0x0000000000002268       0xe4 /home/bjoern/.cache/arduino/sketches/B4859D73BD6649CA87C0E6740254D16D/libraries/SolarChargerSB041/SolarChargerSB041.cpp.o
                0x0000000000002268                SolarChargerSB041::update()
 .text._ZN7arduino5Print17availableForWriteEv
                0x000000000000234c        0x4 /home/bjoern/.cache/arduino/sketches/B4859D73BD6649CA87C0E6740254D16D/libraries/Wire/Wire.cpp.o
                0x000000000000234c                arduino::Print::availableForWrite()
 .text._ZN7arduino7TwoWire11requestFromEhj
                0x0000000000002350        0xc /home/bjoern/.cache/arduino/sketches/B4859D73BD6649CA87C0E6740254D16D/libraries/Wire/Wire.cpp.o
                0x0000000000002350                arduino::TwoWire::requestFrom(unsigned char, unsigned int)
 .text._ZN7arduino7TwoWire17beginTransmissionEh
                0x000000000000235c       0x18 /home/bjoern/.cache/arduino/sketches/B4859D73BD6649CA87C0E6740254D16D/libraries/Wire/Wire.cpp.o
                0x000000000000235c                arduino::TwoWire::beginTransmission(unsigned char)
 .text._ZN7arduino7TwoWire15endTransmissionEv
                0x0000000000002374        0xc /home/bjoern/.cache/arduino/sketches/B4859D73BD6649CA87C0E6740254D16D/libraries/Wire/Wire.cpp.o
                0x0000000000002374                arduino::TwoWire::endTransmission()
 .text._ZN7arduino7TwoWire5writeEPKhj
                0x0000000000002380       0x24 /home/bjoern/.cache/arduino/sketches/B4859D73BD6649CA87C0E6740254D16D/libraries/Wire/Wire.cpp.o
                0x0000000000002380                arduino::TwoWire::write(unsigned char const*, unsigned int)
 .text._ZN7arduino7TwoWire9availableEv
                0x00000000000023a4        0x6 /home/bjoern/.cache/arduino/sketches/B4859D73BD6649CA87C0E6740254D16D/libraries/Wire/Wire.cpp.o
                0x00000000000023a4                arduino::TwoWire::available()
 .text._ZN7arduino7TwoWire5flushEv
                0x00000000000023aa        0x2 /home/bjoern/.cache/arduino/sketches/B4859D73BD6649CA87C0E6740254D16D/libraries/Wire/Wire.cpp.o
                0x00000000000023aa                arduino::TwoWire::flush()
 .text._ZN7arduino7TwoWire9onReceiveEPFviE
                0x00000000000023ac        0x8 /home/bjoern/.cache/arduino/sketches/B4859D73BD6649CA87C0E6740254D16D/libraries/Wire/Wire.cpp.o
                0x00000000000023ac                arduino::TwoWire::onReceive(void (*)(int))
 .text._ZN7arduino7TwoWire9onRequestEPFvvE
                0x00000000000023b4        0x8 /home/bjoern/.cache/arduino/sketches/B4859D73BD6649CA87C0E6740254D16D/libraries/Wire/Wire.cpp.o
                0x00000000000023b4                arduino::TwoWire::onRequest(void (*)())
 .text._ZN7arduino7TwoWire4peekEv
                0x00000000000023bc       0x18 /home/bjoern/.cache/arduino/sketches/B4859D73BD6649CA87C0E6740254D16D/libraries/Wire/Wire.cpp.o
                0x00000000000023bc                arduino::TwoWire::peek()
 .text._ZN7arduino7TwoWire5beginEv
                0x00000000000023d4       0x40 /home/bjoern/.cache/arduino/sketches/B4859D73BD6649CA87C0E6740254D16D/libraries/Wire/Wire.cpp.o
                0x00000000000023d4                arduino::TwoWire::begin()
 .text._ZN7arduino7TwoWire8setClockEm
                0x0000000000002414       0x1c /home/bjoern/.cache/arduino/sketches/B4859D73BD6649CA87C0E6740254D16D/libraries/Wire/Wire.cpp.o
                0x0000000000002414                arduino::TwoWire::setClock(unsigned long)
 .text._ZN7arduino7TwoWire3endEv
                0x0000000000002430        0xa /home/bjoern/.cache/arduino/sketches/B4859D73BD6649CA87C0E6740254D16D/libraries/Wire/Wire.cpp.o
                0x0000000000002430                arduino::TwoWire::end()
 *fill*         0x000000000000243a        0x2 
 .text._ZN7arduino7TwoWireC2EP6SERCOMhh
                0x000000000000243c       0x64 /home/bjoern/.cache/arduino/sketches/B4859D73BD6649CA87C0E6740254D16D/libraries/Wire/Wire.cpp.o
                0x000000000000243c                arduino::TwoWire::TwoWire(SERCOM*, unsigned char, unsigned char)
                0x000000000000243c                arduino::TwoWire::TwoWire(SERCOM*, unsigned char, unsigned char)
 .text._ZN7arduino7TwoWire5beginEhb
                0x00000000000024a0       0x38 /home/bjoern/.cache/arduino/sketches/B4859D73BD6649CA87C0E6740254D16D/libraries/Wire/Wire.cpp.o
                0x00000000000024a0                arduino::TwoWire::begin(unsigned char, bool)
 .text._ZN7arduino7TwoWire5beginEh
                0x00000000000024d8        0xa /home/bjoern/.cache/arduino/sketches/B4859D73BD6649CA87C0E6740254D16D/libraries/Wire/Wire.cpp.o
                0x00000000000024d8                arduino::TwoWire::begin(unsigned char)
 .text._ZN7arduino11RingBufferNILi256EE10store_charEh
                0x00000000000024e2       0x24 /home/bjoern/.cache/arduino/sketches/B4859D73BD6649CA87C0E6740254D16D/libraries/Wire/Wire.cpp.o
                0x00000000000024e2                arduino::RingBufferN<256>::store_char(unsigned char)
 .text._ZN7arduino7TwoWire11requestFromEhjb
                0x0000000000002506       0x90 /home/bjoern/.cache/arduino/sketches/B4859D73BD6649CA87C0E6740254D16D/libraries/Wire/Wire.cpp.o
                0x0000000000002506                arduino::TwoWire::requestFrom(unsigned char, unsigned int, bool)
 .text._ZN7arduino7TwoWire5writeEh
                0x0000000000002596       0x28 /home/bjoern/.cache/arduino/sketches/B4859D73BD6649CA87C0E6740254D16D/libraries/Wire/Wire.cpp.o
                0x0000000000002596                arduino::TwoWire::write(unsigned char)
 .text._ZN7arduino11RingBufferNILi256EE9read_charEv
                0x00000000000025be       0x24 /home/bjoern/.cache/arduino/sketches/B4859D73BD6649CA87C0E6740254D16D/libraries/Wire/Wire.cpp.o
                0x00000000000025be                arduino::RingBufferN<256>::read_char()
 .text._ZN7arduino7TwoWire15endTransmissionEb
                0x00000000000025e2       0x66 /home/bjoern/.cache/arduino/sketches/B4859D73BD6649CA87C0E6740254D16D/libraries/Wire/Wire.cpp.o
                0x00000000000025e2                arduino::TwoWire::endTransmission(bool)
 .text._ZN7arduino7TwoWire4readEv
                0x0000000000002648        0xa /home/bjoern/.cache/arduino/sketches/B4859D73BD6649CA87C0E6740254D16D/libraries/Wire/Wire.cpp.o
                0x0000000000002648                arduino::TwoWire::read()
 .text._ZN7arduino7TwoWire9onServiceEv
                0x0000000000002652      0x114 /home/bjoern/.cache/arduino/sketches/B4859D73BD6649CA87C0E6740254D16D/libraries/Wire/Wire.cpp.o
                0x0000000000002652                arduino::TwoWire::onService()
 *fill*         0x0000000000002766        0x2 
 .text.SERCOM0_Handler
                0x0000000000002768       0x10 /home/bjoern/.cache/arduino/sketches/B4859D73BD6649CA87C0E6740254D16D/libraries/Wire/Wire.cpp.o
                0x0000000000002768                SERCOM0_Handler
 .text.SERCOM2_Handler
                0x0000000000002778       0x10 /home/bjoern/.cache/arduino/sketches/B4859D73BD6649CA87C0E6740254D16D/libraries/Wire/Wire.cpp.o
                0x0000000000002778                SERCOM2_Handler
 .text.startup._GLOBAL__sub_I__ZN7arduino7TwoWireC2EP6SERCOMhh
                0x0000000000002788       0x2c /home/bjoern/.cache/arduino/sketches/B4859D73BD6649CA87C0E6740254D16D/libraries/Wire/Wire.cpp.o
 .text.SERCOM3_Handler
                0x00000000000027b4       0x10 /home/bjoern/.cache/arduino/sketches/B4859D73BD6649CA87C0E6740254D16D/core/variant.cpp.o
                0x00000000000027b4                SERCOM3_Handler
 .text.SERCOM4_Handler
                0x00000000000027c4       0x10 /home/bjoern/.cache/arduino/sketches/B4859D73BD6649CA87C0E6740254D16D/core/variant.cpp.o
                0x00000000000027c4                SERCOM4_Handler
 .text.SERCOM5_Handler
                0x00000000000027d4       0x10 /home/bjoern/.cache/arduino/sketches/B4859D73BD6649CA87C0E6740254D16D/core/variant.cpp.o
                0x00000000000027d4                SERCOM5_Handler
 .text.startup._GLOBAL__sub_I_g_APinDescription
                0x00000000000027e4       0xb0 /home/bjoern/.cache/arduino/sketches/B4859D73BD6649CA87C0E6740254D16D/core/variant.cpp.o
 .text._ZN6SERCOMC2EP6Sercom
                0x0000000000002894        0x8 /home/bjoern/.cache/arduino/sketches/B4859D73BD6649CA87C0E6740254D16D/../../cores/sensebox_samd_sb_power_on_0743e0a0cbab6bbb1190cca0393ac711/core.a(SERCOM.cpp.o)
                0x0000000000002894                SERCOM::SERCOM(Sercom*)
                0x0000000000002894                SERCOM::SERCOM(Sercom*)
 .text._ZN6SERCOM9initFrameE18SercomUartCharSize15SercomDataOrder16SercomParityMode19SercomNumberStopBit
                0x000000000000289c       0x3a /home/bjoern/.cache/arduino/sketches/B4859D73BD6649CA87C0E6740254D16D/../../cores/sensebox_samd_sb_power_on_0743e0a0cbab6bbb1190cca0393ac711/core.a(SERCOM.cpp.o)
                0x000000000000289c                SERCOM::initFrame(SercomUartCharSize, SercomDataOrder, SercomParityMode, SercomNumberStopBit)
 .text._ZN6SERCOM8initPadsE15SercomUartTXPad11SercomRXPad
                0x00000000000028d6       0x26 /home/bjoern/.cache/arduino/sketches/B4859D73BD6649CA87C0E6740254D16D/../../cores/sensebox_samd_sb_power_on_0743e0a0cbab6bbb1190cca0393ac711/core.a(SERCOM.cpp.o)
                0x00000000000028d6                SERCOM::initPads(SercomUartTXPad, SercomRXPad)
 .text._ZN6SERCOM9resetUARTEv
                0x00000000000028fc       0x1a /home/bjoern/.cache/arduino/sketches/B4859D73BD6649CA87C0E6740254D16D/../../cores/sensebox_samd_sb_power_on_0743e0a0cbab6bbb1190cca0393ac711/core.a(SERCOM.cpp.o)
                0x00000000000028fc                SERCOM::resetUART()
 .text._ZN6SERCOM10enableUARTEv
                0x0000000000002916       0x14 /home/bjoern/.cache/arduino/sketches/B4859D73BD6649CA87C0E6740254D16D/../../cores/sensebox_samd_sb_power_on_0743e0a0cbab6bbb1190cca0393ac711/core.a(SERCOM.cpp.o)
                0x0000000000002916                SERCOM::enableUART()
 .text._ZN6SERCOM9flushUARTEv
                0x000000000000292a       0x14 /home/bjoern/.cache/arduino/sketches/B4859D73BD6649CA87C0E6740254D16D/../../cores/sensebox_samd_sb_power_on_0743e0a0cbab6bbb1190cca0393ac711/core.a(SERCOM.cpp.o)
                0x000000000000292a                SERCOM::flushUART()
 .text._ZN6SERCOM15clearStatusUARTEv
                0x000000000000293e        0x8 /home/bjoern/.cache/arduino/sketches/B4859D73BD6649CA87C0E6740254D16D/../../cores/sensebox_samd_sb_power_on_0743e0a0cbab6bbb1190cca0393ac711/core.a(SERCOM.cpp.o)
                0x000000000000293e                SERCOM::clearStatusUART()
 .text._ZN6SERCOM17availableDataUARTEv
                0x0000000000002946        0xa /home/bjoern/.cache/arduino/sketches/B4859D73BD6649CA87C0E6740254D16D/../../cores/sensebox_samd_sb_power_on_0743e0a0cbab6bbb1190cca0393ac711/core.a(SERCOM.cpp.o)
                0x0000000000002946                SERCOM::availableDataUART()
 .text._ZN6SERCOM11isUARTErrorEv
                0x0000000000002950        0x8 /home/bjoern/.cache/arduino/sketches/B4859D73BD6649CA87C0E6740254D16D/../../cores/sensebox_samd_sb_power_on_0743e0a0cbab6bbb1190cca0393ac711/core.a(SERCOM.cpp.o)
                0x0000000000002950                SERCOM::isUARTError()
 .text._ZN6SERCOM20acknowledgeUARTErrorEv
                0x0000000000002958        0xe /home/bjoern/.cache/arduino/sketches/B4859D73BD6649CA87C0E6740254D16D/../../cores/sensebox_samd_sb_power_on_0743e0a0cbab6bbb1190cca0393ac711/core.a(SERCOM.cpp.o)
                0x0000000000002958                SERCOM::acknowledgeUARTError()
 .text._ZN6SERCOM16isFrameErrorUARTEv
                0x0000000000002966        0xa /home/bjoern/.cache/arduino/sketches/B4859D73BD6649CA87C0E6740254D16D/../../cores/sensebox_samd_sb_power_on_0743e0a0cbab6bbb1190cca0393ac711/core.a(SERCOM.cpp.o)
                0x0000000000002966                SERCOM::isFrameErrorUART()
 .text._ZN6SERCOM19clearFrameErrorUARTEv
                0x0000000000002970        0xc /home/bjoern/.cache/arduino/sketches/B4859D73BD6649CA87C0E6740254D16D/../../cores/sensebox_samd_sb_power_on_0743e0a0cbab6bbb1190cca0393ac711/core.a(SERCOM.cpp.o)
                0x0000000000002970                SERCOM::clearFrameErrorUART()
 .text._ZN6SERCOM23isDataRegisterEmptyUARTEv
                0x000000000000297c        0xa /home/bjoern/.cache/arduino/sketches/B4859D73BD6649CA87C0E6740254D16D/../../cores/sensebox_samd_sb_power_on_0743e0a0cbab6bbb1190cca0393ac711/core.a(SERCOM.cpp.o)
                0x000000000000297c                SERCOM::isDataRegisterEmptyUART()
 .text._ZN6SERCOM12readDataUARTEv
                0x0000000000002986        0x8 /home/bjoern/.cache/arduino/sketches/B4859D73BD6649CA87C0E6740254D16D/../../cores/sensebox_samd_sb_power_on_0743e0a0cbab6bbb1190cca0393ac711/core.a(SERCOM.cpp.o)
                0x0000000000002986                SERCOM::readDataUART()
 .text._ZN6SERCOM13writeDataUARTEh
                0x000000000000298e       0x14 /home/bjoern/.cache/arduino/sketches/B4859D73BD6649CA87C0E6740254D16D/../../cores/sensebox_samd_sb_power_on_0743e0a0cbab6bbb1190cca0393ac711/core.a(SERCOM.cpp.o)
                0x000000000000298e                SERCOM::writeDataUART(unsigned char)
 .text._ZN6SERCOM36enableDataRegisterEmptyInterruptUARTEv
                0x00000000000029a2        0x8 /home/bjoern/.cache/arduino/sketches/B4859D73BD6649CA87C0E6740254D16D/../../cores/sensebox_samd_sb_power_on_0743e0a0cbab6bbb1190cca0393ac711/core.a(SERCOM.cpp.o)
                0x00000000000029a2                SERCOM::enableDataRegisterEmptyInterruptUART()
 .text._ZN6SERCOM37disableDataRegisterEmptyInterruptUARTEv
                0x00000000000029aa        0x8 /home/bjoern/.cache/arduino/sketches/B4859D73BD6649CA87C0E6740254D16D/../../cores/sensebox_samd_sb_power_on_0743e0a0cbab6bbb1190cca0393ac711/core.a(SERCOM.cpp.o)
                0x00000000000029aa                SERCOM::disableDataRegisterEmptyInterruptUART()
 .text._ZN6SERCOM9resetWIREEv
                0x00000000000029b2       0x1a /home/bjoern/.cache/arduino/sketches/B4859D73BD6649CA87C0E6740254D16D/../../cores/sensebox_samd_sb_power_on_0743e0a0cbab6bbb1190cca0393ac711/core.a(SERCOM.cpp.o)
                0x00000000000029b2                SERCOM::resetWIRE()
 .text._ZN6SERCOM10enableWIREEv
                0x00000000000029cc       0x2a /home/bjoern/.cache/arduino/sketches/B4859D73BD6649CA87C0E6740254D16D/../../cores/sensebox_samd_sb_power_on_0743e0a0cbab6bbb1190cca0393ac711/core.a(SERCOM.cpp.o)
                0x00000000000029cc                SERCOM::enableWIRE()
 .text._ZN6SERCOM11disableWIREEv
                0x00000000000029f6       0x14 /home/bjoern/.cache/arduino/sketches/B4859D73BD6649CA87C0E6740254D16D/../../cores/sensebox_samd_sb_power_on_0743e0a0cbab6bbb1190cca0393ac711/core.a(SERCOM.cpp.o)
                0x00000000000029f6                SERCOM::disableWIRE()
 .text._ZN6SERCOM18prepareNackBitWIREEv
                0x0000000000002a0a       0x10 /home/bjoern/.cache/arduino/sketches/B4859D73BD6649CA87C0E6740254D16D/../../cores/sensebox_samd_sb_power_on_0743e0a0cbab6bbb1190cca0393ac711/core.a(SERCOM.cpp.o)
                0x0000000000002a0a                SERCOM::prepareNackBitWIRE()
 *fill*         0x0000000000002a1a        0x2 
 .text._ZN6SERCOM17prepareAckBitWIREEv
                0x0000000000002a1c       0x14 /home/bjoern/.cache/arduino/sketches/B4859D73BD6649CA87C0E6740254D16D/../../cores/sensebox_samd_sb_power_on_0743e0a0cbab6bbb1190cca0393ac711/core.a(SERCOM.cpp.o)
                0x0000000000002a1c                SERCOM::prepareAckBitWIRE()
 .text._ZN6SERCOM22prepareCommandBitsWireEh
                0x0000000000002a30       0x2c /home/bjoern/.cache/arduino/sketches/B4859D73BD6649CA87C0E6740254D16D/../../cores/sensebox_samd_sb_power_on_0743e0a0cbab6bbb1190cca0393ac711/core.a(SERCOM.cpp.o)
                0x0000000000002a30                SERCOM::prepareCommandBitsWire(unsigned char)
 .text._ZN6SERCOM21startTransmissionWIREEh23SercomWireReadWriteFlag
                0x0000000000002a5c       0x84 /home/bjoern/.cache/arduino/sketches/B4859D73BD6649CA87C0E6740254D16D/../../cores/sensebox_samd_sb_power_on_0743e0a0cbab6bbb1190cca0393ac711/core.a(SERCOM.cpp.o)
                0x0000000000002a5c                SERCOM::startTransmissionWIRE(unsigned char, SercomWireReadWriteFlag)
 .text._ZN6SERCOM18sendDataMasterWIREEh
                0x0000000000002ae0       0x30 /home/bjoern/.cache/arduino/sketches/B4859D73BD6649CA87C0E6740254D16D/../../cores/sensebox_samd_sb_power_on_0743e0a0cbab6bbb1190cca0393ac711/core.a(SERCOM.cpp.o)
                0x0000000000002ae0                SERCOM::sendDataMasterWIRE(unsigned char)
 .text._ZN6SERCOM17sendDataSlaveWIREEh
                0x0000000000002b10       0x1c /home/bjoern/.cache/arduino/sketches/B4859D73BD6649CA87C0E6740254D16D/../../cores/sensebox_samd_sb_power_on_0743e0a0cbab6bbb1190cca0393ac711/core.a(SERCOM.cpp.o)
                0x0000000000002b10                SERCOM::sendDataSlaveWIRE(unsigned char)
 .text._ZN6SERCOM11isSlaveWIREEv
                0x0000000000002b2c       0x12 /home/bjoern/.cache/arduino/sketches/B4859D73BD6649CA87C0E6740254D16D/../../cores/sensebox_samd_sb_power_on_0743e0a0cbab6bbb1190cca0393ac711/core.a(SERCOM.cpp.o)
                0x0000000000002b2c                SERCOM::isSlaveWIRE()
 .text._ZN6SERCOM14isBusOwnerWIREEv
                0x0000000000002b3e       0x12 /home/bjoern/.cache/arduino/sketches/B4859D73BD6649CA87C0E6740254D16D/../../cores/sensebox_samd_sb_power_on_0743e0a0cbab6bbb1190cca0393ac711/core.a(SERCOM.cpp.o)
                0x0000000000002b3e                SERCOM::isBusOwnerWIRE()
 .text._ZN6SERCOM15isDataReadyWIREEv
                0x0000000000002b50        0xa /home/bjoern/.cache/arduino/sketches/B4859D73BD6649CA87C0E6740254D16D/../../cores/sensebox_samd_sb_power_on_0743e0a0cbab6bbb1190cca0393ac711/core.a(SERCOM.cpp.o)
                0x0000000000002b50                SERCOM::isDataReadyWIRE()
 .text._ZN6SERCOM18isStopDetectedWIREEv
                0x0000000000002b5a        0xa /home/bjoern/.cache/arduino/sketches/B4859D73BD6649CA87C0E6740254D16D/../../cores/sensebox_samd_sb_power_on_0743e0a0cbab6bbb1190cca0393ac711/core.a(SERCOM.cpp.o)
                0x0000000000002b5a                SERCOM::isStopDetectedWIRE()
 .text._ZN6SERCOM21isRestartDetectedWIREEv
                0x0000000000002b64        0xa /home/bjoern/.cache/arduino/sketches/B4859D73BD6649CA87C0E6740254D16D/../../cores/sensebox_samd_sb_power_on_0743e0a0cbab6bbb1190cca0393ac711/core.a(SERCOM.cpp.o)
                0x0000000000002b64                SERCOM::isRestartDetectedWIRE()
 .text._ZN6SERCOM14isAddressMatchEv
                0x0000000000002b6e        0xa /home/bjoern/.cache/arduino/sketches/B4859D73BD6649CA87C0E6740254D16D/../../cores/sensebox_samd_sb_power_on_0743e0a0cbab6bbb1190cca0393ac711/core.a(SERCOM.cpp.o)
                0x0000000000002b6e                SERCOM::isAddressMatch()
 .text._ZN6SERCOM25isMasterReadOperationWIREEv
                0x0000000000002b78        0xa /home/bjoern/.cache/arduino/sketches/B4859D73BD6649CA87C0E6740254D16D/../../cores/sensebox_samd_sb_power_on_0743e0a0cbab6bbb1190cca0393ac711/core.a(SERCOM.cpp.o)
                0x0000000000002b78                SERCOM::isMasterReadOperationWIRE()
 .text._ZN6SERCOM12readDataWIREEv
                0x0000000000002b82       0x20 /home/bjoern/.cache/arduino/sketches/B4859D73BD6649CA87C0E6740254D16D/../../cores/sensebox_samd_sb_power_on_0743e0a0cbab6bbb1190cca0393ac711/core.a(SERCOM.cpp.o)
                0x0000000000002b82                SERCOM::readDataWIRE()
 *fill*         0x0000000000002ba2        0x2 
 .text._ZN6SERCOM13initClockNVICEv
                0x0000000000002ba4       0xa8 /home/bjoern/.cache/arduino/sketches/B4859D73BD6649CA87C0E6740254D16D/../../cores/sensebox_samd_sb_power_on_0743e0a0cbab6bbb1190cca0393ac711/core.a(SERCOM.cpp.o)
                0x0000000000002ba4                SERCOM::initClockNVIC()
 .text._ZN6SERCOM8initUARTE14SercomUartMode20SercomUartSampleRatem
                0x0000000000002c4c       0x6c /home/bjoern/.cache/arduino/sketches/B4859D73BD6649CA87C0E6740254D16D/../../cores/sensebox_samd_sb_power_on_0743e0a0cbab6bbb1190cca0393ac711/core.a(SERCOM.cpp.o)
                0x0000000000002c4c                SERCOM::initUART(SercomUartMode, SercomUartSampleRate, unsigned long)
 .text._ZN6SERCOM13initSlaveWIREEhb
                0x0000000000002cb8       0x4a /home/bjoern/.cache/arduino/sketches/B4859D73BD6649CA87C0E6740254D16D/../../cores/sensebox_samd_sb_power_on_0743e0a0cbab6bbb1190cca0393ac711/core.a(SERCOM.cpp.o)
                0x0000000000002cb8                SERCOM::initSlaveWIRE(unsigned char, bool)
 *fill*         0x0000000000002d02        0x2 
 .text._ZN6SERCOM14initMasterWIREEm
                0x0000000000002d04       0x54 /home/bjoern/.cache/arduino/sketches/B4859D73BD6649CA87C0E6740254D16D/../../cores/sensebox_samd_sb_power_on_0743e0a0cbab6bbb1190cca0393ac711/core.a(SERCOM.cpp.o)
                0x0000000000002d04                SERCOM::initMasterWIRE(unsigned long)
 .text._ZN7Serial_13getDescriptorERN7arduino8USBSetupE
                0x0000000000002d58        0x4 /home/bjoern/.cache/arduino/sketches/B4859D73BD6649CA87C0E6740254D16D/../../cores/sensebox_samd_sb_power_on_0743e0a0cbab6bbb1190cca0393ac711/core.a(CDC.cpp.o)
                0x0000000000002d58                Serial_::getDescriptor(arduino::USBSetup&)
 .text._ZL5utox8mPc
                0x0000000000002d5c       0x24 /home/bjoern/.cache/arduino/sketches/B4859D73BD6649CA87C0E6740254D16D/../../cores/sensebox_samd_sb_power_on_0743e0a0cbab6bbb1190cca0393ac711/core.a(CDC.cpp.o)
 .text._ZN7Serial_12getShortNameEPc
                0x0000000000002d80       0x44 /home/bjoern/.cache/arduino/sketches/B4859D73BD6649CA87C0E6740254D16D/../../cores/sensebox_samd_sb_power_on_0743e0a0cbab6bbb1190cca0393ac711/core.a(CDC.cpp.o)
                0x0000000000002d80                Serial_::getShortName(char*)
 .text._ZThn16_N7Serial_12getShortNameEPc
                0x0000000000002dc4       0x10 /home/bjoern/.cache/arduino/sketches/B4859D73BD6649CA87C0E6740254D16D/../../cores/sensebox_samd_sb_power_on_0743e0a0cbab6bbb1190cca0393ac711/core.a(CDC.cpp.o)
                0x0000000000002dc4                non-virtual thunk to Serial_::getShortName(char*)
 .text._ZN7Serial_5beginEm
                0x0000000000002dd4        0x2 /home/bjoern/.cache/arduino/sketches/B4859D73BD6649CA87C0E6740254D16D/../../cores/sensebox_samd_sb_power_on_0743e0a0cbab6bbb1190cca0393ac711/core.a(CDC.cpp.o)
                0x0000000000002dd4                Serial_::begin(unsigned long)
 .text._ZN7Serial_5beginEmt
                0x0000000000002dd6        0x2 /home/bjoern/.cache/arduino/sketches/B4859D73BD6649CA87C0E6740254D16D/../../cores/sensebox_samd_sb_power_on_0743e0a0cbab6bbb1190cca0393ac711/core.a(CDC.cpp.o)
                0x0000000000002dd6                Serial_::begin(unsigned long, unsigned short)
 .text._ZN7Serial_17availableForWriteEv
                0x0000000000002dd8        0x4 /home/bjoern/.cache/arduino/sketches/B4859D73BD6649CA87C0E6740254D16D/../../cores/sensebox_samd_sb_power_on_0743e0a0cbab6bbb1190cca0393ac711/core.a(CDC.cpp.o)
                0x0000000000002dd8                Serial_::availableForWrite()
 .text._ZN7Serial_5writeEh
                0x0000000000002ddc       0x14 /home/bjoern/.cache/arduino/sketches/B4859D73BD6649CA87C0E6740254D16D/../../cores/sensebox_samd_sb_power_on_0743e0a0cbab6bbb1190cca0393ac711/core.a(CDC.cpp.o)
                0x0000000000002ddc                Serial_::write(unsigned char)
 .text._ZN7Serial_12getInterfaceEPh
                0x0000000000002df0      0x11c /home/bjoern/.cache/arduino/sketches/B4859D73BD6649CA87C0E6740254D16D/../../cores/sensebox_samd_sb_power_on_0743e0a0cbab6bbb1190cca0393ac711/core.a(CDC.cpp.o)
                0x0000000000002df0                Serial_::getInterface(unsigned char*)
 .text._ZThn16_N7Serial_12getInterfaceEPh
                0x0000000000002f0c       0x10 /home/bjoern/.cache/arduino/sketches/B4859D73BD6649CA87C0E6740254D16D/../../cores/sensebox_samd_sb_power_on_0743e0a0cbab6bbb1190cca0393ac711/core.a(CDC.cpp.o)
                0x0000000000002f0c                non-virtual thunk to Serial_::getInterface(unsigned char*)
 .text._ZN7Serial_5setupERN7arduino8USBSetupE
                0x0000000000002f1c       0x9c /home/bjoern/.cache/arduino/sketches/B4859D73BD6649CA87C0E6740254D16D/../../cores/sensebox_samd_sb_power_on_0743e0a0cbab6bbb1190cca0393ac711/core.a(CDC.cpp.o)
                0x0000000000002f1c                Serial_::setup(arduino::USBSetup&)
 .text._ZThn16_N7Serial_5setupERN7arduino8USBSetupE
                0x0000000000002fb8       0x10 /home/bjoern/.cache/arduino/sketches/B4859D73BD6649CA87C0E6740254D16D/../../cores/sensebox_samd_sb_power_on_0743e0a0cbab6bbb1190cca0393ac711/core.a(CDC.cpp.o)
                0x0000000000002fb8                non-virtual thunk to Serial_::setup(arduino::USBSetup&)
 .text._ZN7Serial_3endEv
                0x0000000000002fc8        0xe /home/bjoern/.cache/arduino/sketches/B4859D73BD6649CA87C0E6740254D16D/../../cores/sensebox_samd_sb_power_on_0743e0a0cbab6bbb1190cca0393ac711/core.a(CDC.cpp.o)
                0x0000000000002fc8                Serial_::end()
 *fill*         0x0000000000002fd6        0x2 
 .text._ZN7Serial_9availableEv
                0x0000000000002fd8       0x20 /home/bjoern/.cache/arduino/sketches/B4859D73BD6649CA87C0E6740254D16D/../../cores/sensebox_samd_sb_power_on_0743e0a0cbab6bbb1190cca0393ac711/core.a(CDC.cpp.o)
                0x0000000000002fd8                Serial_::available()
 .text._ZN7Serial_5flushEv
                0x0000000000002ff8        0xe /home/bjoern/.cache/arduino/sketches/B4859D73BD6649CA87C0E6740254D16D/../../cores/sensebox_samd_sb_power_on_0743e0a0cbab6bbb1190cca0393ac711/core.a(CDC.cpp.o)
                0x0000000000002ff8                Serial_::flush()
 .text._ZN7Serial_5clearEv
                0x0000000000003006        0xe /home/bjoern/.cache/arduino/sketches/B4859D73BD6649CA87C0E6740254D16D/../../cores/sensebox_samd_sb_power_on_0743e0a0cbab6bbb1190cca0393ac711/core.a(CDC.cpp.o)
                0x0000000000003006                Serial_::clear()
 .text._ZN7Serial_5writeEPKhj
                0x0000000000003014       0x1e /home/bjoern/.cache/arduino/sketches/B4859D73BD6649CA87C0E6740254D16D/../../cores/sensebox_samd_sb_power_on_0743e0a0cbab6bbb1190cca0393ac711/core.a(CDC.cpp.o)
                0x0000000000003014                Serial_::write(unsigned char const*, unsigned int)
 *fill*         0x0000000000003032        0x2 
 .text._ZN7Serial_4peekEv
                0x0000000000003034       0x1c /home/bjoern/.cache/arduino/sketches/B4859D73BD6649CA87C0E6740254D16D/../../cores/sensebox_samd_sb_power_on_0743e0a0cbab6bbb1190cca0393ac711/core.a(CDC.cpp.o)
                0x0000000000003034                Serial_::peek()
 .text._ZN7Serial_4readEv
                0x0000000000003050       0x24 /home/bjoern/.cache/arduino/sketches/B4859D73BD6649CA87C0E6740254D16D/../../cores/sensebox_samd_sb_power_on_0743e0a0cbab6bbb1190cca0393ac711/core.a(CDC.cpp.o)
                0x0000000000003050                Serial_::read()
 .text._ZN7Serial_cvbEv
                0x0000000000003074       0x26 /home/bjoern/.cache/arduino/sketches/B4859D73BD6649CA87C0E6740254D16D/../../cores/sensebox_samd_sb_power_on_0743e0a0cbab6bbb1190cca0393ac711/core.a(CDC.cpp.o)
                0x0000000000003074                Serial_::operator bool()
 .text._ZThn16_N7Serial_13getDescriptorERN7arduino8USBSetupE
                0x000000000000309a        0x4 /home/bjoern/.cache/arduino/sketches/B4859D73BD6649CA87C0E6740254D16D/../../cores/sensebox_samd_sb_power_on_0743e0a0cbab6bbb1190cca0393ac711/core.a(CDC.cpp.o)
                0x000000000000309a                non-virtual thunk to Serial_::getDescriptor(arduino::USBSetup&)
 .text.resetExternalChip
                0x000000000000309e        0x2 /home/bjoern/.cache/arduino/sketches/B4859D73BD6649CA87C0E6740254D16D/../../cores/sensebox_samd_sb_power_on_0743e0a0cbab6bbb1190cca0393ac711/core.a(CDC.cpp.o)
                0x000000000000309e                resetExternalChip
 .text._ZN7Serial_14handleEndpointEi
                0x00000000000030a0        0x2 /home/bjoern/.cache/arduino/sketches/B4859D73BD6649CA87C0E6740254D16D/../../cores/sensebox_samd_sb_power_on_0743e0a0cbab6bbb1190cca0393ac711/core.a(CDC.cpp.o)
                0x00000000000030a0                Serial_::handleEndpoint(int)
 *fill*         0x00000000000030a2        0x2 
 .text._ZN7Serial_C2ER14USBDeviceClass
                0x00000000000030a4       0x5c /home/bjoern/.cache/arduino/sketches/B4859D73BD6649CA87C0E6740254D16D/../../cores/sensebox_samd_sb_power_on_0743e0a0cbab6bbb1190cca0393ac711/core.a(CDC.cpp.o)
                0x00000000000030a4                Serial_::Serial_(USBDeviceClass&)
                0x00000000000030a4                Serial_::Serial_(USBDeviceClass&)
 .text._ZN7Serial_15enableInterruptEv
                0x0000000000003100       0x30 /home/bjoern/.cache/arduino/sketches/B4859D73BD6649CA87C0E6740254D16D/../../cores/sensebox_samd_sb_power_on_0743e0a0cbab6bbb1190cca0393ac711/core.a(CDC.cpp.o)
                0x0000000000003100                Serial_::enableInterrupt()
 .text.startup._GLOBAL__sub_I__ZN7Serial_12getInterfaceEPh
                0x0000000000003130       0x14 /home/bjoern/.cache/arduino/sketches/B4859D73BD6649CA87C0E6740254D16D/../../cores/sensebox_samd_sb_power_on_0743e0a0cbab6bbb1190cca0393ac711/core.a(CDC.cpp.o)
 .text._ZN26DoubleBufferedEPOutHandlerD2Ev
                0x0000000000003144        0x2 /home/bjoern/.cache/arduino/sketches/B4859D73BD6649CA87C0E6740254D16D/../../cores/sensebox_samd_sb_power_on_0743e0a0cbab6bbb1190cca0393ac711/core.a(USBCore.cpp.o)
                0x0000000000003144                DoubleBufferedEPOutHandler::~DoubleBufferedEPOutHandler()
                0x0000000000003144                DoubleBufferedEPOutHandler::~DoubleBufferedEPOutHandler()
 .text._ZN26DoubleBufferedEPOutHandlerD0Ev
                0x0000000000003146        0xc /home/bjoern/.cache/arduino/sketches/B4859D73BD6649CA87C0E6740254D16D/../../cores/sensebox_samd_sb_power_on_0743e0a0cbab6bbb1190cca0393ac711/core.a(USBCore.cpp.o)
                0x0000000000003146                DoubleBufferedEPOutHandler::~DoubleBufferedEPOutHandler()
 *fill*         0x0000000000003152        0x2 
 .text._ZN14USBDeviceClass6initEPEmm.part.7
                0x0000000000003154       0xc4 /home/bjoern/.cache/arduino/sketches/B4859D73BD6649CA87C0E6740254D16D/../../cores/sensebox_samd_sb_power_on_0743e0a0cbab6bbb1190cca0393ac711/core.a(USBCore.cpp.o)
 .text._ZN7__GuardC2Ev
                0x0000000000003218        0xe /home/bjoern/.cache/arduino/sketches/B4859D73BD6649CA87C0E6740254D16D/../../cores/sensebox_samd_sb_power_on_0743e0a0cbab6bbb1190cca0393ac711/core.a(USBCore.cpp.o)
                0x0000000000003218                __Guard::__Guard()
                0x0000000000003218                __Guard::__Guard()
 .text._ZN7__GuardD2Ev
                0x0000000000003226        0xe /home/bjoern/.cache/arduino/sketches/B4859D73BD6649CA87C0E6740254D16D/../../cores/sensebox_samd_sb_power_on_0743e0a0cbab6bbb1190cca0393ac711/core.a(USBCore.cpp.o)
                0x0000000000003226                __Guard::~__Guard()
                0x0000000000003226                __Guard::~__Guard()
 .text._ZNK26DoubleBufferedEPOutHandler10_availableEv
                0x0000000000003234       0x70 /home/bjoern/.cache/arduino/sketches/B4859D73BD6649CA87C0E6740254D16D/../../cores/sensebox_samd_sb_power_on_0743e0a0cbab6bbb1190cca0393ac711/core.a(USBCore.cpp.o)
                0x0000000000003234                DoubleBufferedEPOutHandler::_available() const
 .text._ZN26DoubleBufferedEPOutHandler7releaseEv
                0x00000000000032a4       0x38 /home/bjoern/.cache/arduino/sketches/B4859D73BD6649CA87C0E6740254D16D/../../cores/sensebox_samd_sb_power_on_0743e0a0cbab6bbb1190cca0393ac711/core.a(USBCore.cpp.o)
                0x00000000000032a4                DoubleBufferedEPOutHandler::release()
 .text._ZN26DoubleBufferedEPOutHandler14handleEndpointEv
                0x00000000000032dc       0xe2 /home/bjoern/.cache/arduino/sketches/B4859D73BD6649CA87C0E6740254D16D/../../cores/sensebox_samd_sb_power_on_0743e0a0cbab6bbb1190cca0393ac711/core.a(USBCore.cpp.o)
                0x00000000000032dc                DoubleBufferedEPOutHandler::handleEndpoint()
 .text._ZN14USBDeviceClass14SendInterfacesEPm
                0x00000000000033be       0x20 /home/bjoern/.cache/arduino/sketches/B4859D73BD6649CA87C0E6740254D16D/../../cores/sensebox_samd_sb_power_on_0743e0a0cbab6bbb1190cca0393ac711/core.a(USBCore.cpp.o)
                0x00000000000033be                USBDeviceClass::SendInterfaces(unsigned long*)
 *fill*         0x00000000000033de        0x2 
 .text._ZN14USBDeviceClass6attachEv
                0x00000000000033e0       0x34 /home/bjoern/.cache/arduino/sketches/B4859D73BD6649CA87C0E6740254D16D/../../cores/sensebox_samd_sb_power_on_0743e0a0cbab6bbb1190cca0393ac711/core.a(USBCore.cpp.o)
                0x00000000000033e0                USBDeviceClass::attach()
 .text._ZN14USBDeviceClass10setAddressEm
                0x0000000000003414       0x48 /home/bjoern/.cache/arduino/sketches/B4859D73BD6649CA87C0E6740254D16D/../../cores/sensebox_samd_sb_power_on_0743e0a0cbab6bbb1190cca0393ac711/core.a(USBCore.cpp.o)
                0x0000000000003414                USBDeviceClass::setAddress(unsigned long)
 .text._ZN14USBDeviceClass25handleClassInterfaceSetupERN7arduino8USBSetupE
                0x000000000000345c       0x24 /home/bjoern/.cache/arduino/sketches/B4859D73BD6649CA87C0E6740254D16D/../../cores/sensebox_samd_sb_power_on_0743e0a0cbab6bbb1190cca0393ac711/core.a(USBCore.cpp.o)
                0x000000000000345c                USBDeviceClass::handleClassInterfaceSetup(arduino::USBSetup&)
 .text._ZN14USBDeviceClass6initEPEmm
                0x0000000000003480      0x10c /home/bjoern/.cache/arduino/sketches/B4859D73BD6649CA87C0E6740254D16D/../../cores/sensebox_samd_sb_power_on_0743e0a0cbab6bbb1190cca0393ac711/core.a(USBCore.cpp.o)
                0x0000000000003480                USBDeviceClass::initEP(unsigned long, unsigned long)
 .text._ZN14USBDeviceClass13initEndpointsEv
                0x000000000000358c       0x24 /home/bjoern/.cache/arduino/sketches/B4859D73BD6649CA87C0E6740254D16D/../../cores/sensebox_samd_sb_power_on_0743e0a0cbab6bbb1190cca0393ac711/core.a(USBCore.cpp.o)
                0x000000000000358c                USBDeviceClass::initEndpoints()
 .text._ZN14USBDeviceClass5clearEm
                0x00000000000035b0       0x38 /home/bjoern/.cache/arduino/sketches/B4859D73BD6649CA87C0E6740254D16D/../../cores/sensebox_samd_sb_power_on_0743e0a0cbab6bbb1190cca0393ac711/core.a(USBCore.cpp.o)
                0x00000000000035b0                USBDeviceClass::clear(unsigned long)
 .text._ZN14USBDeviceClass9availableEm
                0x00000000000035e8       0x2c /home/bjoern/.cache/arduino/sketches/B4859D73BD6649CA87C0E6740254D16D/../../cores/sensebox_samd_sb_power_on_0743e0a0cbab6bbb1190cca0393ac711/core.a(USBCore.cpp.o)
                0x00000000000035e8                USBDeviceClass::available(unsigned long)
 .text._ZN14USBDeviceClass5flushEm
                0x0000000000003614       0x2c /home/bjoern/.cache/arduino/sketches/B4859D73BD6649CA87C0E6740254D16D/../../cores/sensebox_samd_sb_power_on_0743e0a0cbab6bbb1190cca0393ac711/core.a(USBCore.cpp.o)
                0x0000000000003614                USBDeviceClass::flush(unsigned long)
 .text._ZN14USBDeviceClass4recvEmPvm
                0x0000000000003640       0xc0 /home/bjoern/.cache/arduino/sketches/B4859D73BD6649CA87C0E6740254D16D/../../cores/sensebox_samd_sb_power_on_0743e0a0cbab6bbb1190cca0393ac711/core.a(USBCore.cpp.o)
                0x0000000000003640                USBDeviceClass::recv(unsigned long, void*, unsigned long)
 .text._ZN14USBDeviceClass4recvEm
                0x0000000000003700       0x1c /home/bjoern/.cache/arduino/sketches/B4859D73BD6649CA87C0E6740254D16D/../../cores/sensebox_samd_sb_power_on_0743e0a0cbab6bbb1190cca0393ac711/core.a(USBCore.cpp.o)
                0x0000000000003700                USBDeviceClass::recv(unsigned long)
 .text._ZN14USBDeviceClass14armRecvCtrlOUTEm
                0x000000000000371c       0x5c /home/bjoern/.cache/arduino/sketches/B4859D73BD6649CA87C0E6740254D16D/../../cores/sensebox_samd_sb_power_on_0743e0a0cbab6bbb1190cca0393ac711/core.a(USBCore.cpp.o)
                0x000000000000371c                USBDeviceClass::armRecvCtrlOUT(unsigned long)
 .text._ZN14USBDeviceClass11recvControlEPvm
                0x0000000000003778       0x28 /home/bjoern/.cache/arduino/sketches/B4859D73BD6649CA87C0E6740254D16D/../../cores/sensebox_samd_sb_power_on_0743e0a0cbab6bbb1190cca0393ac711/core.a(USBCore.cpp.o)
                0x0000000000003778                USBDeviceClass::recvControl(void*, unsigned long)
 .text._ZN14USBDeviceClass4sendEmPKvm
                0x00000000000037a0      0x10c /home/bjoern/.cache/arduino/sketches/B4859D73BD6649CA87C0E6740254D16D/../../cores/sensebox_samd_sb_power_on_0743e0a0cbab6bbb1190cca0393ac711/core.a(USBCore.cpp.o)
                0x00000000000037a0                USBDeviceClass::send(unsigned long, void const*, unsigned long)
 .text._ZN14USBDeviceClass7armSendEmPKvm
                0x00000000000038ac       0x48 /home/bjoern/.cache/arduino/sketches/B4859D73BD6649CA87C0E6740254D16D/../../cores/sensebox_samd_sb_power_on_0743e0a0cbab6bbb1190cca0393ac711/core.a(USBCore.cpp.o)
                0x00000000000038ac                USBDeviceClass::armSend(unsigned long, void const*, unsigned long)
 .text._ZN14USBDeviceClass11sendControlEPKvm
                0x00000000000038f4       0x54 /home/bjoern/.cache/arduino/sketches/B4859D73BD6649CA87C0E6740254D16D/../../cores/sensebox_samd_sb_power_on_0743e0a0cbab6bbb1190cca0393ac711/core.a(USBCore.cpp.o)
                0x00000000000038f4                USBDeviceClass::sendControl(void const*, unsigned long)
 .text._ZN14USBDeviceClass20sendStringDescriptorEPKhm
                0x0000000000003948       0x64 /home/bjoern/.cache/arduino/sketches/B4859D73BD6649CA87C0E6740254D16D/../../cores/sensebox_samd_sb_power_on_0743e0a0cbab6bbb1190cca0393ac711/core.a(USBCore.cpp.o)
                0x0000000000003948                USBDeviceClass::sendStringDescriptor(unsigned char const*, unsigned long)
 .text._ZN14USBDeviceClass17sendConfigurationEm
                0x00000000000039ac       0x80 /home/bjoern/.cache/arduino/sketches/B4859D73BD6649CA87C0E6740254D16D/../../cores/sensebox_samd_sb_power_on_0743e0a0cbab6bbb1190cca0393ac711/core.a(USBCore.cpp.o)
                0x00000000000039ac                USBDeviceClass::sendConfiguration(unsigned long)
 .text._ZN14USBDeviceClass14sendDescriptorERN7arduino8USBSetupE
                0x0000000000003a2c       0xd8 /home/bjoern/.cache/arduino/sketches/B4859D73BD6649CA87C0E6740254D16D/../../cores/sensebox_samd_sb_power_on_0743e0a0cbab6bbb1190cca0393ac711/core.a(USBCore.cpp.o)
                0x0000000000003a2c                USBDeviceClass::sendDescriptor(arduino::USBSetup&)
 .text._ZN14USBDeviceClass7sendZlpEm
                0x0000000000003b04       0x18 /home/bjoern/.cache/arduino/sketches/B4859D73BD6649CA87C0E6740254D16D/../../cores/sensebox_samd_sb_power_on_0743e0a0cbab6bbb1190cca0393ac711/core.a(USBCore.cpp.o)
                0x0000000000003b04                USBDeviceClass::sendZlp(unsigned long)
 .text._ZN14USBDeviceClass19handleStandardSetupERN7arduino8USBSetupE
                0x0000000000003b1c       0xf0 /home/bjoern/.cache/arduino/sketches/B4859D73BD6649CA87C0E6740254D16D/../../cores/sensebox_samd_sb_power_on_0743e0a0cbab6bbb1190cca0393ac711/core.a(USBCore.cpp.o)
                0x0000000000003b1c                USBDeviceClass::handleStandardSetup(arduino::USBSetup&)
 .text._ZN14USBDeviceClass10ISRHandlerEv
                0x0000000000003c0c      0x108 /home/bjoern/.cache/arduino/sketches/B4859D73BD6649CA87C0E6740254D16D/../../cores/sensebox_samd_sb_power_on_0743e0a0cbab6bbb1190cca0393ac711/core.a(USBCore.cpp.o)
                0x0000000000003c0c                USBDeviceClass::ISRHandler()
 .text.UDD_Handler
                0x0000000000003d14       0x10 /home/bjoern/.cache/arduino/sketches/B4859D73BD6649CA87C0E6740254D16D/../../cores/sensebox_samd_sb_power_on_0743e0a0cbab6bbb1190cca0393ac711/core.a(USBCore.cpp.o)
                0x0000000000003d14                UDD_Handler
 .text._ZN7arduino13PluggableUSB_C2Ev
                0x0000000000003d24       0x10 /home/bjoern/.cache/arduino/sketches/B4859D73BD6649CA87C0E6740254D16D/../../cores/sensebox_samd_sb_power_on_0743e0a0cbab6bbb1190cca0393ac711/core.a(USBCore.cpp.o)
                0x0000000000003d24                arduino::PluggableUSB_::PluggableUSB_()
                0x0000000000003d24                arduino::PluggableUSB_::PluggableUSB_()
 .text._Z8epBufferj
                0x0000000000003d34        0xc /home/bjoern/.cache/arduino/sketches/B4859D73BD6649CA87C0E6740254D16D/../../cores/sensebox_samd_sb_power_on_0743e0a0cbab6bbb1190cca0393ac711/core.a(USBCore.cpp.o)
                0x0000000000003d34                epBuffer(unsigned int)
 .text._ZN7arduino11RingBufferNILi64EE10store_charEh
                0x0000000000003d40       0x1c /home/bjoern/.cache/arduino/sketches/B4859D73BD6649CA87C0E6740254D16D/../../cores/sensebox_samd_sb_power_on_0743e0a0cbab6bbb1190cca0393ac711/core.a(USBCore.cpp.o)
                0x0000000000003d40                arduino::RingBufferN<64>::store_char(unsigned char)
 .text._ZN26DoubleBufferedEPOutHandler5_recvEv
                0x0000000000003d5c      0x15e /home/bjoern/.cache/arduino/sketches/B4859D73BD6649CA87C0E6740254D16D/../../cores/sensebox_samd_sb_power_on_0743e0a0cbab6bbb1190cca0393ac711/core.a(USBCore.cpp.o)
                0x0000000000003d5c                DoubleBufferedEPOutHandler::_recv()
 .text._ZN26DoubleBufferedEPOutHandler9availableEv
                0x0000000000003eba        0xc /home/bjoern/.cache/arduino/sketches/B4859D73BD6649CA87C0E6740254D16D/../../cores/sensebox_samd_sb_power_on_0743e0a0cbab6bbb1190cca0393ac711/core.a(USBCore.cpp.o)
                0x0000000000003eba                DoubleBufferedEPOutHandler::available()
 .text._ZN26DoubleBufferedEPOutHandler4peekEv
                0x0000000000003ec6       0x1c /home/bjoern/.cache/arduino/sketches/B4859D73BD6649CA87C0E6740254D16D/../../cores/sensebox_samd_sb_power_on_0743e0a0cbab6bbb1190cca0393ac711/core.a(USBCore.cpp.o)
                0x0000000000003ec6                DoubleBufferedEPOutHandler::peek()
 .text._ZN26DoubleBufferedEPOutHandler4recvEPvm
                0x0000000000003ee2       0x60 /home/bjoern/.cache/arduino/sketches/B4859D73BD6649CA87C0E6740254D16D/../../cores/sensebox_samd_sb_power_on_0743e0a0cbab6bbb1190cca0393ac711/core.a(USBCore.cpp.o)
                0x0000000000003ee2                DoubleBufferedEPOutHandler::recv(void*, unsigned long)
 *fill*         0x0000000000003f42        0x2 
 .text.startup._GLOBAL__sub_I_usbd
                0x0000000000003f44       0x10 /home/bjoern/.cache/arduino/sketches/B4859D73BD6649CA87C0E6740254D16D/../../cores/sensebox_samd_sb_power_on_0743e0a0cbab6bbb1190cca0393ac711/core.a(USBCore.cpp.o)
 .text._ZN14USBDeviceClass4initEv
                0x0000000000003f54      0x15c /home/bjoern/.cache/arduino/sketches/B4859D73BD6649CA87C0E6740254D16D/../../cores/sensebox_samd_sb_power_on_0743e0a0cbab6bbb1190cca0393ac711/core.a(USBCore.cpp.o)
                0x0000000000003f54                USBDeviceClass::init()
 .text._ZN4UartcvbEv
                0x00000000000040b0        0x4 /home/bjoern/.cache/arduino/sketches/B4859D73BD6649CA87C0E6740254D16D/../../cores/sensebox_samd_sb_power_on_0743e0a0cbab6bbb1190cca0393ac711/core.a(Uart.cpp.o)
                0x00000000000040b0                Uart::operator bool()
 .text._ZN4Uart5beginEm
                0x00000000000040b4       0x10 /home/bjoern/.cache/arduino/sketches/B4859D73BD6649CA87C0E6740254D16D/../../cores/sensebox_samd_sb_power_on_0743e0a0cbab6bbb1190cca0393ac711/core.a(Uart.cpp.o)
                0x00000000000040b4                Uart::begin(unsigned long)
 .text._ZN4Uart9availableEv
                0x00000000000040c4        0x6 /home/bjoern/.cache/arduino/sketches/B4859D73BD6649CA87C0E6740254D16D/../../cores/sensebox_samd_sb_power_on_0743e0a0cbab6bbb1190cca0393ac711/core.a(Uart.cpp.o)
                0x00000000000040c4                Uart::available()
 .text._ZN4Uart17availableForWriteEv
                0x00000000000040ca       0x10 /home/bjoern/.cache/arduino/sketches/B4859D73BD6649CA87C0E6740254D16D/../../cores/sensebox_samd_sb_power_on_0743e0a0cbab6bbb1190cca0393ac711/core.a(Uart.cpp.o)
                0x00000000000040ca                Uart::availableForWrite()
 .text._ZN4Uart4peekEv
                0x00000000000040da       0x18 /home/bjoern/.cache/arduino/sketches/B4859D73BD6649CA87C0E6740254D16D/../../cores/sensebox_samd_sb_power_on_0743e0a0cbab6bbb1190cca0393ac711/core.a(Uart.cpp.o)
                0x00000000000040da                Uart::peek()
 .text._ZN4Uart3endEv
                0x00000000000040f2       0x24 /home/bjoern/.cache/arduino/sketches/B4859D73BD6649CA87C0E6740254D16D/../../cores/sensebox_samd_sb_power_on_0743e0a0cbab6bbb1190cca0393ac711/core.a(Uart.cpp.o)
                0x00000000000040f2                Uart::end()
 .text._ZN4Uart5flushEv
                0x0000000000004116       0x16 /home/bjoern/.cache/arduino/sketches/B4859D73BD6649CA87C0E6740254D16D/../../cores/sensebox_samd_sb_power_on_0743e0a0cbab6bbb1190cca0393ac711/core.a(Uart.cpp.o)
                0x0000000000004116                Uart::flush()
 .text._ZN4Uart16extractNbStopBitEt
                0x000000000000412c        0xc /home/bjoern/.cache/arduino/sketches/B4859D73BD6649CA87C0E6740254D16D/../../cores/sensebox_samd_sb_power_on_0743e0a0cbab6bbb1190cca0393ac711/core.a(Uart.cpp.o)
                0x000000000000412c                Uart::extractNbStopBit(unsigned short)
 .text._ZN4Uart15extractCharSizeEt
                0x0000000000004138       0x28 /home/bjoern/.cache/arduino/sketches/B4859D73BD6649CA87C0E6740254D16D/../../cores/sensebox_samd_sb_power_on_0743e0a0cbab6bbb1190cca0393ac711/core.a(Uart.cpp.o)
                0x0000000000004138                Uart::extractCharSize(unsigned short)
 .text._ZN4Uart13extractParityEt
                0x0000000000004160       0x14 /home/bjoern/.cache/arduino/sketches/B4859D73BD6649CA87C0E6740254D16D/../../cores/sensebox_samd_sb_power_on_0743e0a0cbab6bbb1190cca0393ac711/core.a(Uart.cpp.o)
                0x0000000000004160                Uart::extractParity(unsigned short)
 .text._ZN4Uart5beginEmt
                0x0000000000004174       0xf8 /home/bjoern/.cache/arduino/sketches/B4859D73BD6649CA87C0E6740254D16D/../../cores/sensebox_samd_sb_power_on_0743e0a0cbab6bbb1190cca0393ac711/core.a(Uart.cpp.o)
                0x0000000000004174                Uart::begin(unsigned long, unsigned short)
 .text._ZN7arduino11RingBufferNILi256EEC2Ev
                0x000000000000426c       0x1e /home/bjoern/.cache/arduino/sketches/B4859D73BD6649CA87C0E6740254D16D/../../cores/sensebox_samd_sb_power_on_0743e0a0cbab6bbb1190cca0393ac711/core.a(Uart.cpp.o)
                0x000000000000426c                arduino::RingBufferN<256>::RingBufferN()
                0x000000000000426c                arduino::RingBufferN<256>::RingBufferN()
 *fill*         0x000000000000428a        0x2 
 .text._ZN4UartC2EP6SERCOMhh11SercomRXPad15SercomUartTXPad
                0x000000000000428c       0x74 /home/bjoern/.cache/arduino/sketches/B4859D73BD6649CA87C0E6740254D16D/../../cores/sensebox_samd_sb_power_on_0743e0a0cbab6bbb1190cca0393ac711/core.a(Uart.cpp.o)
                0x000000000000428c                Uart::Uart(SERCOM*, unsigned char, unsigned char, SercomRXPad, SercomUartTXPad)
                0x000000000000428c                Uart::Uart(SERCOM*, unsigned char, unsigned char, SercomRXPad, SercomUartTXPad)
 .text._ZN7arduino15SafeRingBufferNILi256EE10store_charEh
                0x0000000000004300       0x4a /home/bjoern/.cache/arduino/sketches/B4859D73BD6649CA87C0E6740254D16D/../../cores/sensebox_samd_sb_power_on_0743e0a0cbab6bbb1190cca0393ac711/core.a(Uart.cpp.o)
                0x0000000000004300                arduino::SafeRingBufferN<256>::store_char(unsigned char)
 .text._ZN7arduino15SafeRingBufferNILi256EE9read_charEv
                0x000000000000434a       0x50 /home/bjoern/.cache/arduino/sketches/B4859D73BD6649CA87C0E6740254D16D/../../cores/sensebox_samd_sb_power_on_0743e0a0cbab6bbb1190cca0393ac711/core.a(Uart.cpp.o)
                0x000000000000434a                arduino::SafeRingBufferN<256>::read_char()
 .text._ZN4Uart10IrqHandlerEv
                0x000000000000439a       0xa4 /home/bjoern/.cache/arduino/sketches/B4859D73BD6649CA87C0E6740254D16D/../../cores/sensebox_samd_sb_power_on_0743e0a0cbab6bbb1190cca0393ac711/core.a(Uart.cpp.o)
                0x000000000000439a                Uart::IrqHandler()
 *fill*         0x000000000000443e        0x2 
 .text._ZN4Uart5writeEh
                0x0000000000004440       0x9c /home/bjoern/.cache/arduino/sketches/B4859D73BD6649CA87C0E6740254D16D/../../cores/sensebox_samd_sb_power_on_0743e0a0cbab6bbb1190cca0393ac711/core.a(Uart.cpp.o)
                0x0000000000004440                Uart::write(unsigned char)
 .text._ZN4Uart4readEv
                0x00000000000044dc       0x34 /home/bjoern/.cache/arduino/sketches/B4859D73BD6649CA87C0E6740254D16D/../../cores/sensebox_samd_sb_power_on_0743e0a0cbab6bbb1190cca0393ac711/core.a(Uart.cpp.o)
                0x00000000000044dc                Uart::read()
 .text._ZN7arduino13PluggableUSB_12getInterfaceEPh
                0x0000000000004510       0x28 /home/bjoern/.cache/arduino/sketches/B4859D73BD6649CA87C0E6740254D16D/../../cores/sensebox_samd_sb_power_on_0743e0a0cbab6bbb1190cca0393ac711/core.a(PluggableUSB.cpp.o)
                0x0000000000004510                arduino::PluggableUSB_::getInterface(unsigned char*)
 .text._ZN7arduino13PluggableUSB_13getDescriptorERNS_8USBSetupE
                0x0000000000004538       0x20 /home/bjoern/.cache/arduino/sketches/B4859D73BD6649CA87C0E6740254D16D/../../cores/sensebox_samd_sb_power_on_0743e0a0cbab6bbb1190cca0393ac711/core.a(PluggableUSB.cpp.o)
                0x0000000000004538                arduino::PluggableUSB_::getDescriptor(arduino::USBSetup&)
 .text._ZN7arduino13PluggableUSB_12getShortNameEPc
                0x0000000000004558       0x1e /home/bjoern/.cache/arduino/sketches/B4859D73BD6649CA87C0E6740254D16D/../../cores/sensebox_samd_sb_power_on_0743e0a0cbab6bbb1190cca0393ac711/core.a(PluggableUSB.cpp.o)
                0x0000000000004558                arduino::PluggableUSB_::getShortName(char*)
 .text._ZN7arduino13PluggableUSB_5setupERNS_8USBSetupE
                0x0000000000004576       0x20 /home/bjoern/.cache/arduino/sketches/B4859D73BD6649CA87C0E6740254D16D/../../cores/sensebox_samd_sb_power_on_0743e0a0cbab6bbb1190cca0393ac711/core.a(PluggableUSB.cpp.o)
                0x0000000000004576                arduino::PluggableUSB_::setup(arduino::USBSetup&)
 .text._ZN7arduino13PluggableUSB_4plugEPNS_18PluggableUSBModuleE
                0x0000000000004596       0x5c /home/bjoern/.cache/arduino/sketches/B4859D73BD6649CA87C0E6740254D16D/../../cores/sensebox_samd_sb_power_on_0743e0a0cbab6bbb1190cca0393ac711/core.a(PluggableUSB.cpp.o)
                0x0000000000004596                arduino::PluggableUSB_::plug(arduino::PluggableUSBModule*)
 *fill*         0x00000000000045f2        0x2 
 .text._Z12PluggableUSBv
                0x00000000000045f4       0x24 /home/bjoern/.cache/arduino/sketches/B4859D73BD6649CA87C0E6740254D16D/../../cores/sensebox_samd_sb_power_on_0743e0a0cbab6bbb1190cca0393ac711/core.a(PluggableUSB.cpp.o)
                0x00000000000045f4                PluggableUSB()
 .text._ZN7arduino5Print5writeEPKhj
                0x0000000000004618       0x28 /home/bjoern/.cache/arduino/sketches/B4859D73BD6649CA87C0E6740254D16D/../../cores/sensebox_samd_sb_power_on_0743e0a0cbab6bbb1190cca0393ac711/core.a(Print.cpp.o)
                0x0000000000004618                arduino::Print::write(unsigned char const*, unsigned int)
 .text._ZN7arduino5Print5writeEPKc.part.2
                0x0000000000004640       0x1a /home/bjoern/.cache/arduino/sketches/B4859D73BD6649CA87C0E6740254D16D/../../cores/sensebox_samd_sb_power_on_0743e0a0cbab6bbb1190cca0393ac711/core.a(Print.cpp.o)
 .text._ZN7arduino5Print5writeEPKc
                0x000000000000465a       0x10 /home/bjoern/.cache/arduino/sketches/B4859D73BD6649CA87C0E6740254D16D/../../cores/sensebox_samd_sb_power_on_0743e0a0cbab6bbb1190cca0393ac711/core.a(Print.cpp.o)
                0x000000000000465a                arduino::Print::write(char const*)
 .text._ZN7arduino5Print5printEPKc
                0x000000000000466a        0x8 /home/bjoern/.cache/arduino/sketches/B4859D73BD6649CA87C0E6740254D16D/../../cores/sensebox_samd_sb_power_on_0743e0a0cbab6bbb1190cca0393ac711/core.a(Print.cpp.o)
                0x000000000000466a                arduino::Print::print(char const*)
 .text._ZN7arduino5Print5printEc
                0x0000000000004672        0xa /home/bjoern/.cache/arduino/sketches/B4859D73BD6649CA87C0E6740254D16D/../../cores/sensebox_samd_sb_power_on_0743e0a0cbab6bbb1190cca0393ac711/core.a(Print.cpp.o)
                0x0000000000004672                arduino::Print::print(char)
 .text._ZN7arduino5Print7printlnEv
                0x000000000000467c       0x10 /home/bjoern/.cache/arduino/sketches/B4859D73BD6649CA87C0E6740254D16D/../../cores/sensebox_samd_sb_power_on_0743e0a0cbab6bbb1190cca0393ac711/core.a(Print.cpp.o)
                0x000000000000467c                arduino::Print::println()
 .text._ZN7arduino5Print7printlnEPKc
                0x000000000000468c       0x14 /home/bjoern/.cache/arduino/sketches/B4859D73BD6649CA87C0E6740254D16D/../../cores/sensebox_samd_sb_power_on_0743e0a0cbab6bbb1190cca0393ac711/core.a(Print.cpp.o)
                0x000000000000468c                arduino::Print::println(char const*)
 .text._ZN7arduino5Print11printNumberEmh
                0x00000000000046a0       0x48 /home/bjoern/.cache/arduino/sketches/B4859D73BD6649CA87C0E6740254D16D/../../cores/sensebox_samd_sb_power_on_0743e0a0cbab6bbb1190cca0393ac711/core.a(Print.cpp.o)
                0x00000000000046a0                arduino::Print::printNumber(unsigned long, unsigned char)
 .text._ZN7arduino5Print5printEli
                0x00000000000046e8       0x3e /home/bjoern/.cache/arduino/sketches/B4859D73BD6649CA87C0E6740254D16D/../../cores/sensebox_samd_sb_power_on_0743e0a0cbab6bbb1190cca0393ac711/core.a(Print.cpp.o)
                0x00000000000046e8                arduino::Print::print(long, int)
 .text._ZN7arduino5Print7printlnEii
                0x0000000000004726       0x14 /home/bjoern/.cache/arduino/sketches/B4859D73BD6649CA87C0E6740254D16D/../../cores/sensebox_samd_sb_power_on_0743e0a0cbab6bbb1190cca0393ac711/core.a(Print.cpp.o)
                0x0000000000004726                arduino::Print::println(int, int)
 *fill*         0x000000000000473a        0x2 
 .text._ZN7arduino5Print10printFloatEdi
                0x000000000000473c      0x170 /home/bjoern/.cache/arduino/sketches/B4859D73BD6649CA87C0E6740254D16D/../../cores/sensebox_samd_sb_power_on_0743e0a0cbab6bbb1190cca0393ac711/core.a(Print.cpp.o)
                0x000000000000473c                arduino::Print::printFloat(double, int)
 .text._ZN7arduino5Print7printlnEdi
                0x00000000000048ac       0x18 /home/bjoern/.cache/arduino/sketches/B4859D73BD6649CA87C0E6740254D16D/../../cores/sensebox_samd_sb_power_on_0743e0a0cbab6bbb1190cca0393ac711/core.a(Print.cpp.o)
                0x00000000000048ac                arduino::Print::println(double, int)
 .text.Dummy_Handler
                0x00000000000048c4        0x2 /home/bjoern/.cache/arduino/sketches/B4859D73BD6649CA87C0E6740254D16D/../../cores/sensebox_samd_sb_power_on_0743e0a0cbab6bbb1190cca0393ac711/core.a(cortex_handlers.c.o)
                0x00000000000048c4                DMAC_Handler
                0x00000000000048c4                HardFault_Handler
                0x00000000000048c4                AC_Handler
                0x00000000000048c4                PendSV_Handler
                0x00000000000048c4                NMI_Handler
                0x00000000000048c4                TC7_Handler
                0x00000000000048c4                SERCOM1_Handler
                0x00000000000048c4                ADC_Handler
                0x00000000000048c4                TCC1_Handler
                0x00000000000048c4                TCC0_Handler
                0x00000000000048c4                RTC_Handler
                0x00000000000048c4                EIC_Handler
                0x00000000000048c4                TC6_Handler
                0x00000000000048c4                WDT_Handler
                0x00000000000048c4                TC4_Handler
                0x00000000000048c4                TC3_Handler
                0x00000000000048c4                Dummy_Handler
                0x00000000000048c4                PM_Handler
                0x00000000000048c4                SVC_Handler
                0x00000000000048c4                TCC2_Handler
                0x00000000000048c4                EVSYS_Handler
                0x00000000000048c4                I2S_Handler
                0x00000000000048c4                NVMCTRL_Handler
                0x00000000000048c4                DAC_Handler
                0x00000000000048c4                PTC_Handler
                0x00000000000048c4                SYSCTRL_Handler
 *fill*         0x00000000000048c6        0x2 
 .text.USB_Handler
                0x00000000000048c8       0x14 /home/bjoern/.cache/arduino/sketches/B4859D73BD6649CA87C0E6740254D16D/../../cores/sensebox_samd_sb_power_on_0743e0a0cbab6bbb1190cca0393ac711/core.a(cortex_handlers.c.o)
                0x00000000000048c8                USB_Handler
 .text.Reset_Handler
                0x00000000000048dc       0x54 /home/bjoern/.cache/arduino/sketches/B4859D73BD6649CA87C0E6740254D16D/../../cores/sensebox_samd_sb_power_on_0743e0a0cbab6bbb1190cca0393ac711/core.a(cortex_handlers.c.o)
                0x00000000000048dc                Reset_Handler
 .text.SysTick_Handler
                0x0000000000004930       0x10 /home/bjoern/.cache/arduino/sketches/B4859D73BD6649CA87C0E6740254D16D/../../cores/sensebox_samd_sb_power_on_0743e0a0cbab6bbb1190cca0393ac711/core.a(cortex_handlers.c.o)
                0x0000000000004930                SysTick_Handler
 .text.USB_SetHandler
                0x0000000000004940        0xc /home/bjoern/.cache/arduino/sketches/B4859D73BD6649CA87C0E6740254D16D/../../cores/sensebox_samd_sb_power_on_0743e0a0cbab6bbb1190cca0393ac711/core.a(cortex_handlers.c.o)
                0x0000000000004940                USB_SetHandler
 .text.millis   0x000000000000494c        0xc /home/bjoern/.cache/arduino/sketches/B4859D73BD6649CA87C0E6740254D16D/../../cores/sensebox_samd_sb_power_on_0743e0a0cbab6bbb1190cca0393ac711/core.a(delay.c.o)
                0x000000000000494c                millis
 .text.micros   0x0000000000004958       0x60 /home/bjoern/.cache/arduino/sketches/B4859D73BD6649CA87C0E6740254D16D/../../cores/sensebox_samd_sb_power_on_0743e0a0cbab6bbb1190cca0393ac711/core.a(delay.c.o)
                0x0000000000004958                micros
 .text.delay    0x00000000000049b8       0x30 /home/bjoern/.cache/arduino/sketches/B4859D73BD6649CA87C0E6740254D16D/../../cores/sensebox_samd_sb_power_on_0743e0a0cbab6bbb1190cca0393ac711/core.a(delay.c.o)
                0x00000000000049b8                delay
 .text.SysTick_DefaultHandler
                0x00000000000049e8       0x14 /home/bjoern/.cache/arduino/sketches/B4859D73BD6649CA87C0E6740254D16D/../../cores/sensebox_samd_sb_power_on_0743e0a0cbab6bbb1190cca0393ac711/core.a(delay.c.o)
                0x00000000000049e8                SysTick_DefaultHandler
 .text.__empty  0x00000000000049fc        0x2 /home/bjoern/.cache/arduino/sketches/B4859D73BD6649CA87C0E6740254D16D/../../cores/sensebox_samd_sb_power_on_0743e0a0cbab6bbb1190cca0393ac711/core.a(hooks.c.o)
                0x00000000000049fc                yield
 .text.__false  0x00000000000049fe        0x4 /home/bjoern/.cache/arduino/sketches/B4859D73BD6649CA87C0E6740254D16D/../../cores/sensebox_samd_sb_power_on_0743e0a0cbab6bbb1190cca0393ac711/core.a(hooks.c.o)
                0x00000000000049fe                sysTickHook
 .text.initVariant
                0x0000000000004a02        0x2 /home/bjoern/.cache/arduino/sketches/B4859D73BD6649CA87C0E6740254D16D/../../cores/sensebox_samd_sb_power_on_0743e0a0cbab6bbb1190cca0393ac711/core.a(main.cpp.o)
                0x0000000000004a02                initVariant
 .text.startup.main
                0x0000000000004a04       0x40 /home/bjoern/.cache/arduino/sketches/B4859D73BD6649CA87C0E6740254D16D/../../cores/sensebox_samd_sb_power_on_0743e0a0cbab6bbb1190cca0393ac711/core.a(main.cpp.o)
                0x0000000000004a04                main
 .text._Znwj    0x0000000000004a44        0x8 /home/bjoern/.cache/arduino/sketches/B4859D73BD6649CA87C0E6740254D16D/../../cores/sensebox_samd_sb_power_on_0743e0a0cbab6bbb1190cca0393ac711/core.a(new.cpp.o)
                0x0000000000004a44                operator new(unsigned int)
 .text._ZdlPv   0x0000000000004a4c        0x8 /home/bjoern/.cache/arduino/sketches/B4859D73BD6649CA87C0E6740254D16D/../../cores/sensebox_samd_sb_power_on_0743e0a0cbab6bbb1190cca0393ac711/core.a(new.cpp.o)
                0x0000000000004a4c                operator delete(void*)
 .text.SystemInit
                0x0000000000004a54      0x160 /home/bjoern/.cache/arduino/sketches/B4859D73BD6649CA87C0E6740254D16D/../../cores/sensebox_samd_sb_power_on_0743e0a0cbab6bbb1190cca0393ac711/core.a(startup.c.o)
                0x0000000000004a54                SystemInit
 .text.init     0x0000000000004bb4       0xf0 /home/bjoern/.cache/arduino/sketches/B4859D73BD6649CA87C0E6740254D16D/../../cores/sensebox_samd_sb_power_on_0743e0a0cbab6bbb1190cca0393ac711/core.a(wiring.c.o)
                0x0000000000004bb4                init
 .text.analogReference
                0x0000000000004ca4       0x64 /home/bjoern/.cache/arduino/sketches/B4859D73BD6649CA87C0E6740254D16D/../../cores/sensebox_samd_sb_power_on_0743e0a0cbab6bbb1190cca0393ac711/core.a(wiring_analog.c.o)
                0x0000000000004ca4                analogReference
 .text.pinMode  0x0000000000004d08       0x98 /home/bjoern/.cache/arduino/sketches/B4859D73BD6649CA87C0E6740254D16D/../../cores/sensebox_samd_sb_power_on_0743e0a0cbab6bbb1190cca0393ac711/core.a(wiring_digital.c.o)
                0x0000000000004d08                pinMode
 .text.pinPeripheral
                0x0000000000004da0       0xc0 /home/bjoern/.cache/arduino/sketches/B4859D73BD6649CA87C0E6740254D16D/../../cores/sensebox_samd_sb_power_on_0743e0a0cbab6bbb1190cca0393ac711/core.a(wiring_private.c.o)
                0x0000000000004da0                pinPeripheral
 .text.initiateReset
                0x0000000000004e60       0x14 /home/bjoern/.cache/arduino/sketches/B4859D73BD6649CA87C0E6740254D16D/../../cores/sensebox_samd_sb_power_on_0743e0a0cbab6bbb1190cca0393ac711/core.a(Reset.cpp.o)
                0x0000000000004e60                initiateReset
 .text.cancelReset
                0x0000000000004e74       0x10 /home/bjoern/.cache/arduino/sketches/B4859D73BD6649CA87C0E6740254D16D/../../cores/sensebox_samd_sb_power_on_0743e0a0cbab6bbb1190cca0393ac711/core.a(Reset.cpp.o)
                0x0000000000004e74                cancelReset
 .text.tickReset
                0x0000000000004e84       0x78 /home/bjoern/.cache/arduino/sketches/B4859D73BD6649CA87C0E6740254D16D/../../cores/sensebox_samd_sb_power_on_0743e0a0cbab6bbb1190cca0393ac711/core.a(Reset.cpp.o)
                0x0000000000004e84                tickReset
 .text          0x0000000000004efc       0x14 /home/bjoern/.arduino15/packages/arduino/tools/arm-none-eabi-gcc/7-2017q4/bin/../lib/gcc/arm-none-eabi/7.2.1/thumb/v6-m/libgcc.a(_thumb1_case_uqi.o)
                0x0000000000004efc                __gnu_thumb1_case_uqi
 .text          0x0000000000004f10      0x114 /home/bjoern/.arduino15/packages/arduino/tools/arm-none-eabi-gcc/7-2017q4/bin/../lib/gcc/arm-none-eabi/7.2.1/thumb/v6-m/libgcc.a(_udivsi3.o)
                0x0000000000004f10                __udivsi3
                0x0000000000004f10                __aeabi_uidiv
                0x000000000000501c                __aeabi_uidivmod
 .text          0x0000000000005024        0x4 /home/bjoern/.arduino15/packages/arduino/tools/arm-none-eabi-gcc/7-2017q4/bin/../lib/gcc/arm-none-eabi/7.2.1/thumb/v6-m/libgcc.a(_dvmd_tls.o)
                0x0000000000005024                __aeabi_ldiv0
                0x0000000000005024                __aeabi_idiv0
 .text          0x0000000000005028       0x7c /home/bjoern/.arduino15/packages/arduino/tools/arm-none-eabi-gcc/7-2017q4/bin/../lib/gcc/arm-none-eabi/7.2.1/thumb/v6-m/libgcc.a(_arm_cmpdf2.o)
                0x0000000000005028                __aeabi_cdrcmple
                0x0000000000005038                __aeabi_cdcmple
                0x0000000000005038                __aeabi_cdcmpeq
                0x0000000000005048                __aeabi_dcmpeq
                0x0000000000005054                __aeabi_dcmplt
                0x0000000000005068                __aeabi_dcmple
                0x000000000000507c                __aeabi_dcmpgt
                0x0000000000005090                __aeabi_dcmpge
 .text          0x00000000000050a4       0x3c /home/bjoern/.arduino15/packages/arduino/tools/arm-none-eabi-gcc/7-2017q4/bin/../lib/gcc/arm-none-eabi/7.2.1/thumb/v6-m/libgcc.a(_fixunsdfsi.o)
                0x00000000000050a4                __fixunsdfsi
                0x00000000000050a4                __aeabi_d2uiz
 .text          0x00000000000050e0       0x94 /home/bjoern/.arduino15/packages/arduino/tools/arm-none-eabi-gcc/7-2017q4/bin/../lib/gcc/arm-none-eabi/7.2.1/thumb/v6-m/libgcc.a(floatsisf.o)
                0x00000000000050e0                __aeabi_i2f
 .text          0x0000000000005174      0x638 /home/bjoern/.arduino15/packages/arduino/tools/arm-none-eabi-gcc/7-2017q4/bin/../lib/gcc/arm-none-eabi/7.2.1/thumb/v6-m/libgcc.a(adddf3.o)
                0x0000000000005174                __aeabi_dadd
 .text          0x00000000000057ac      0x604 /home/bjoern/.arduino15/packages/arduino/tools/arm-none-eabi-gcc/7-2017q4/bin/../lib/gcc/arm-none-eabi/7.2.1/thumb/v6-m/libgcc.a(divdf3.o)
                0x00000000000057ac                __aeabi_ddiv
 .text          0x0000000000005db0       0x78 /home/bjoern/.arduino15/packages/arduino/tools/arm-none-eabi-gcc/7-2017q4/bin/../lib/gcc/arm-none-eabi/7.2.1/thumb/v6-m/libgcc.a(eqdf2.o)
                0x0000000000005db0                __eqdf2
                0x0000000000005db0                __nedf2
 .text          0x0000000000005e28       0xc8 /home/bjoern/.arduino15/packages/arduino/tools/arm-none-eabi-gcc/7-2017q4/bin/../lib/gcc/arm-none-eabi/7.2.1/thumb/v6-m/libgcc.a(gedf2.o)
                0x0000000000005e28                __gtdf2
                0x0000000000005e28                __gedf2
 .text          0x0000000000005ef0       0xd0 /home/bjoern/.arduino15/packages/arduino/tools/arm-none-eabi-gcc/7-2017q4/bin/../lib/gcc/arm-none-eabi/7.2.1/thumb/v6-m/libgcc.a(ledf2.o)
                0x0000000000005ef0                __ltdf2
                0x0000000000005ef0                __ledf2
 .text          0x0000000000005fc0      0x4e4 /home/bjoern/.arduino15/packages/arduino/tools/arm-none-eabi-gcc/7-2017q4/bin/../lib/gcc/arm-none-eabi/7.2.1/thumb/v6-m/libgcc.a(muldf3.o)
                0x0000000000005fc0                __aeabi_dmul
 .text          0x00000000000064a4      0x690 /home/bjoern/.arduino15/packages/arduino/tools/arm-none-eabi-gcc/7-2017q4/bin/../lib/gcc/arm-none-eabi/7.2.1/thumb/v6-m/libgcc.a(subdf3.o)
                0x00000000000064a4                __aeabi_dsub
 .text          0x0000000000006b34       0x38 /home/bjoern/.arduino15/packages/arduino/tools/arm-none-eabi-gcc/7-2017q4/bin/../lib/gcc/arm-none-eabi/7.2.1/thumb/v6-m/libgcc.a(unorddf2.o)
                0x0000000000006b34                __aeabi_dcmpun
 .text          0x0000000000006b6c       0x6c /home/bjoern/.arduino15/packages/arduino/tools/arm-none-eabi-gcc/7-2017q4/bin/../lib/gcc/arm-none-eabi/7.2.1/thumb/v6-m/libgcc.a(fixdfsi.o)
                0x0000000000006b6c                __aeabi_d2iz
 .text          0x0000000000006bd8       0x74 /home/bjoern/.arduino15/packages/arduino/tools/arm-none-eabi-gcc/7-2017q4/bin/../lib/gcc/arm-none-eabi/7.2.1/thumb/v6-m/libgcc.a(floatsidf.o)
                0x0000000000006bd8                __aeabi_i2d
 .text          0x0000000000006c4c       0x64 /home/bjoern/.arduino15/packages/arduino/tools/arm-none-eabi-gcc/7-2017q4/bin/../lib/gcc/arm-none-eabi/7.2.1/thumb/v6-m/libgcc.a(floatunsidf.o)
                0x0000000000006c4c                __aeabi_ui2d
 .text          0x0000000000006cb0       0xa4 /home/bjoern/.arduino15/packages/arduino/tools/arm-none-eabi-gcc/7-2017q4/bin/../lib/gcc/arm-none-eabi/7.2.1/thumb/v6-m/libgcc.a(extendsfdf2.o)
                0x0000000000006cb0                __aeabi_f2d
 .text          0x0000000000006d54      0x108 /home/bjoern/.arduino15/packages/arduino/tools/arm-none-eabi-gcc/7-2017q4/bin/../lib/gcc/arm-none-eabi/7.2.1/thumb/v6-m/libgcc.a(truncdfsf2.o)
                0x0000000000006d54                __aeabi_d2f
 .text          0x0000000000006e5c       0x3c /home/bjoern/.arduino15/packages/arduino/tools/arm-none-eabi-gcc/7-2017q4/bin/../lib/gcc/arm-none-eabi/7.2.1/thumb/v6-m/libgcc.a(_clzsi2.o)
                0x0000000000006e5c                __clzsi2
 .text.__libc_init_array
                0x0000000000006e98       0x48 /home/bjoern/.arduino15/packages/arduino/tools/arm-none-eabi-gcc/7-2017q4/bin/../lib/gcc/arm-none-eabi/7.2.1/../../../../arm-none-eabi/lib/thumb/v6-m/libc_nano.a(lib_a-init.o)
                0x0000000000006e98                __libc_init_array
 .text.malloc   0x0000000000006ee0       0x14 /home/bjoern/.arduino15/packages/arduino/tools/arm-none-eabi-gcc/7-2017q4/bin/../lib/gcc/arm-none-eabi/7.2.1/../../../../arm-none-eabi/lib/thumb/v6-m/libc_nano.a(lib_a-malloc.o)
                0x0000000000006ee0                malloc
 .text.free     0x0000000000006ef4       0x14 /home/bjoern/.arduino15/packages/arduino/tools/arm-none-eabi-gcc/7-2017q4/bin/../lib/gcc/arm-none-eabi/7.2.1/../../../../arm-none-eabi/lib/thumb/v6-m/libc_nano.a(lib_a-malloc.o)
                0x0000000000006ef4                free
 .text.memcpy   0x0000000000006f08       0x12 /home/bjoern/.arduino15/packages/arduino/tools/arm-none-eabi-gcc/7-2017q4/bin/../lib/gcc/arm-none-eabi/7.2.1/../../../../arm-none-eabi/lib/thumb/v6-m/libc_nano.a(lib_a-memcpy-stub.o)
                0x0000000000006f08                memcpy
 .text.memset   0x0000000000006f1a       0x10 /home/bjoern/.arduino15/packages/arduino/tools/arm-none-eabi-gcc/7-2017q4/bin/../lib/gcc/arm-none-eabi/7.2.1/../../../../arm-none-eabi/lib/thumb/v6-m/libc_nano.a(lib_a-memset.o)
                0x0000000000006f1a                memset
 *fill*         0x0000000000006f2a        0x2 
 .text._free_r  0x0000000000006f2c       0x94 /home/bjoern/.arduino15/packages/arduino/tools/arm-none-eabi-gcc/7-2017q4/bin/../lib/gcc/arm-none-eabi/7.2.1/../../../../arm-none-eabi/lib/thumb/v6-m/libc_nano.a(lib_a-nano-freer.o)
                0x0000000000006f2c                _free_r
 .text._malloc_r
                0x0000000000006fc0       0xbc /home/bjoern/.arduino15/packages/arduino/tools/arm-none-eabi-gcc/7-2017q4/bin/../lib/gcc/arm-none-eabi/7.2.1/../../../../arm-none-eabi/lib/thumb/v6-m/libc_nano.a(lib_a-nano-mallocr.o)
                0x0000000000006fc0                _malloc_r
 .text._sbrk_r  0x000000000000707c       0x24 /home/bjoern/.arduino15/packages/arduino/tools/arm-none-eabi-gcc/7-2017q4/bin/../lib/gcc/arm-none-eabi/7.2.1/../../../../arm-none-eabi/lib/thumb/v6-m/libc_nano.a(lib_a-sbrkr.o)
                0x000000000000707c                _sbrk_r
 .text          0x00000000000070a0        0xe /home/bjoern/.arduino15/packages/arduino/tools/arm-none-eabi-gcc/7-2017q4/bin/../lib/gcc/arm-none-eabi/7.2.1/../../../../arm-none-eabi/lib/thumb/v6-m/libc_nano.a(lib_a-strlen.o)
                0x00000000000070a0                strlen
 .text.__malloc_lock
                0x00000000000070ae        0x2 /home/bjoern/.arduino15/packages/arduino/tools/arm-none-eabi-gcc/7-2017q4/bin/../lib/gcc/arm-none-eabi/7.2.1/../../../../arm-none-eabi/lib/thumb/v6-m/libc_nano.a(lib_a-mlock.o)
                0x00000000000070ae                __malloc_lock
 .text.__malloc_unlock
                0x00000000000070b0        0x2 /home/bjoern/.arduino15/packages/arduino/tools/arm-none-eabi-gcc/7-2017q4/bin/../lib/gcc/arm-none-eabi/7.2.1/../../../../arm-none-eabi/lib/thumb/v6-m/libc_nano.a(lib_a-mlock.o)
                0x00000000000070b0                __malloc_unlock
 *fill*         0x00000000000070b2        0x2 
 .text._sbrk    0x00000000000070b4       0x1c /home/bjoern/.arduino15/packages/arduino/tools/arm-none-eabi-gcc/7-2017q4/bin/../lib/gcc/arm-none-eabi/7.2.1/../../../../arm-none-eabi/lib/thumb/v6-m/libnosys.a(sbrk.o)
                0x00000000000070b4                _sbrk
 *(.init)
 .init          0x00000000000070d0        0x4 /home/bjoern/.arduino15/packages/arduino/tools/arm-none-eabi-gcc/7-2017q4/bin/../lib/gcc/arm-none-eabi/7.2.1/thumb/v6-m/crti.o
                0x00000000000070d0                _init
 .init          0x00000000000070d4        0x8 /home/bjoern/.arduino15/packages/arduino/tools/arm-none-eabi-gcc/7-2017q4/bin/../lib/gcc/arm-none-eabi/7.2.1/thumb/v6-m/crtn.o
 *(.fini)
 .fini          0x00000000000070dc        0x4 /home/bjoern/.arduino15/packages/arduino/tools/arm-none-eabi-gcc/7-2017q4/bin/../lib/gcc/arm-none-eabi/7.2.1/thumb/v6-m/crti.o
                0x00000000000070dc                _fini
 .fini          0x00000000000070e0        0x8 /home/bjoern/.arduino15/packages/arduino/tools/arm-none-eabi-gcc/7-2017q4/bin/../lib/gcc/arm-none-eabi/7.2.1/thumb/v6-m/crtn.o
 *crtbegin.o(.ctors)
 *crtbegin?.o(.ctors)
 *(EXCLUDE_FILE(*crtend.o *crtend?.o) .ctors)
 *(SORT_BY_NAME(.ctors.*))
 *(.ctors)
 *crtbegin.o(.dtors)
 *crtbegin?.o(.dtors)
 *(EXCLUDE_FILE(*crtend.o *crtend?.o) .dtors)
 *(SORT_BY_NAME(.dtors.*))
 *(.dtors)
 *(.rodata*)
 .rodata.loop.str1.1
                0x00000000000070e8       0x82 /home/bjoern/.cache/arduino/sketches/B4859D73BD6649CA87C0E6740254D16D/sketch/serial-test.ino.cpp.o
                                         0x8d (size before relaxing)
 *fill*         0x000000000000716a        0x2 
 .rodata._ZTVN7arduino7TwoWireE
                0x000000000000716c       0x50 /home/bjoern/.cache/arduino/sketches/B4859D73BD6649CA87C0E6740254D16D/libraries/Wire/Wire.cpp.o
                0x000000000000716c                vtable for arduino::TwoWire
 .rodata.g_APinDescription
                0x00000000000071bc      0x360 /home/bjoern/.cache/arduino/sketches/B4859D73BD6649CA87C0E6740254D16D/core/variant.cpp.o
                0x00000000000071bc                g_APinDescription
 .rodata        0x000000000000751c        0x8 /home/bjoern/.cache/arduino/sketches/B4859D73BD6649CA87C0E6740254D16D/../../cores/sensebox_samd_sb_power_on_0743e0a0cbab6bbb1190cca0393ac711/core.a(CDC.cpp.o)
 .rodata._ZTV7Serial_
                0x0000000000007524       0x60 /home/bjoern/.cache/arduino/sketches/B4859D73BD6649CA87C0E6740254D16D/../../cores/sensebox_samd_sb_power_on_0743e0a0cbab6bbb1190cca0393ac711/core.a(CDC.cpp.o)
                0x0000000000007524                vtable for Serial_
 .rodata._ZTV26DoubleBufferedEPOutHandler
                0x0000000000007584       0x24 /home/bjoern/.cache/arduino/sketches/B4859D73BD6649CA87C0E6740254D16D/../../cores/sensebox_samd_sb_power_on_0743e0a0cbab6bbb1190cca0393ac711/core.a(USBCore.cpp.o)
                0x0000000000007584                vtable for DoubleBufferedEPOutHandler
 .rodata._ZL14STRING_PRODUCT
                0x00000000000075a8        0xd /home/bjoern/.cache/arduino/sketches/B4859D73BD6649CA87C0E6740254D16D/../../cores/sensebox_samd_sb_power_on_0743e0a0cbab6bbb1190cca0393ac711/core.a(USBCore.cpp.o)
 *fill*         0x00000000000075b5        0x1 
 .rodata._ZL15STRING_LANGUAGE
                0x00000000000075b6        0x4 /home/bjoern/.cache/arduino/sketches/B4859D73BD6649CA87C0E6740254D16D/../../cores/sensebox_samd_sb_power_on_0743e0a0cbab6bbb1190cca0393ac711/core.a(USBCore.cpp.o)
 .rodata._ZL19STRING_MANUFACTURER
                0x00000000000075ba        0x9 /home/bjoern/.cache/arduino/sketches/B4859D73BD6649CA87C0E6740254D16D/../../cores/sensebox_samd_sb_power_on_0743e0a0cbab6bbb1190cca0393ac711/core.a(USBCore.cpp.o)
 .rodata._ZL21USB_DeviceDescriptorB
                0x00000000000075c3       0x12 /home/bjoern/.cache/arduino/sketches/B4859D73BD6649CA87C0E6740254D16D/../../cores/sensebox_samd_sb_power_on_0743e0a0cbab6bbb1190cca0393ac711/core.a(USBCore.cpp.o)
 *fill*         0x00000000000075d5        0x3 
 .rodata._ZTV4Uart
                0x00000000000075d8       0x34 /home/bjoern/.cache/arduino/sketches/B4859D73BD6649CA87C0E6740254D16D/../../cores/sensebox_samd_sb_power_on_0743e0a0cbab6bbb1190cca0393ac711/core.a(Uart.cpp.o)
                0x00000000000075d8                vtable for Uart
 .rodata._ZN7arduino5Print10printFloatEdi.str1.1
                0x000000000000760c        0xc /home/bjoern/.cache/arduino/sketches/B4859D73BD6649CA87C0E6740254D16D/../../cores/sensebox_samd_sb_power_on_0743e0a0cbab6bbb1190cca0393ac711/core.a(Print.cpp.o)
                                          0xe (size before relaxing)
 .rodata._ZN7arduino5Print7printlnEv.str1.1
                0x0000000000007618        0x3 /home/bjoern/.cache/arduino/sketches/B4859D73BD6649CA87C0E6740254D16D/../../cores/sensebox_samd_sb_power_on_0743e0a0cbab6bbb1190cca0393ac711/core.a(Print.cpp.o)
 *fill*         0x000000000000761b        0x1 
 .rodata        0x000000000000761c       0x40 /home/bjoern/.arduino15/packages/arduino/tools/arm-none-eabi-gcc/7-2017q4/bin/../lib/gcc/arm-none-eabi/7.2.1/thumb/v6-m/libgcc.a(divdf3.o)
 .rodata        0x000000000000765c       0x40 /home/bjoern/.arduino15/packages/arduino/tools/arm-none-eabi-gcc/7-2017q4/bin/../lib/gcc/arm-none-eabi/7.2.1/thumb/v6-m/libgcc.a(muldf3.o)
 *(.eh_frame*)
 .eh_frame      0x000000000000769c        0x0 /home/bjoern/.arduino15/packages/arduino/tools/arm-none-eabi-gcc/7-2017q4/bin/../lib/gcc/arm-none-eabi/7.2.1/thumb/v6-m/crtbegin.o
 .eh_frame      0x000000000000769c        0x4 /home/bjoern/.arduino15/packages/arduino/tools/arm-none-eabi-gcc/7-2017q4/bin/../lib/gcc/arm-none-eabi/7.2.1/thumb/v6-m/crtend.o

.glue_7         0x00000000000076a0        0x0
 .glue_7        0x00000000000076a0        0x0 linker stubs

.glue_7t        0x00000000000076a0        0x0
 .glue_7t       0x00000000000076a0        0x0 linker stubs

.vfp11_veneer   0x00000000000076a0        0x0
 .vfp11_veneer  0x00000000000076a0        0x0 linker stubs

.v4_bx          0x00000000000076a0        0x0
 .v4_bx         0x00000000000076a0        0x0 linker stubs

.iplt           0x00000000000076a0        0x0
 .iplt          0x00000000000076a0        0x0 /home/bjoern/.arduino15/packages/arduino/tools/arm-none-eabi-gcc/7-2017q4/bin/../lib/gcc/arm-none-eabi/7.2.1/thumb/v6-m/crtbegin.o

.rel.dyn        0x00000000000076a0        0x0
 .rel.iplt      0x00000000000076a0        0x0 /home/bjoern/.arduino15/packages/arduino/tools/arm-none-eabi-gcc/7-2017q4/bin/../lib/gcc/arm-none-eabi/7.2.1/thumb/v6-m/crtbegin.o

.ARM.extab
 *(.ARM.extab* .gnu.linkonce.armextab.*)
                0x00000000000076a0                __exidx_start = .

.ARM.exidx
 *(.ARM.exidx* .gnu.linkonce.armexidx.*)
                0x00000000000076a0                __exidx_end = .
                0x00000000000076a0                __etext = .

.data           0x0000000020000000       0x90 load address 0x00000000000076a0
                0x0000000020000000                __data_start__ = .
 *(vtable)
 *(.data*)
 .data._ZL10breakValue
                0x0000000020000000        0x4 /home/bjoern/.cache/arduino/sketches/B4859D73BD6649CA87C0E6740254D16D/../../cores/sensebox_samd_sb_power_on_0743e0a0cbab6bbb1190cca0393ac711/core.a(CDC.cpp.o)
 .data._serialPeek
                0x0000000020000004        0x4 /home/bjoern/.cache/arduino/sketches/B4859D73BD6649CA87C0E6740254D16D/../../cores/sensebox_samd_sb_power_on_0743e0a0cbab6bbb1190cca0393ac711/core.a(CDC.cpp.o)
                0x0000000020000004                _serialPeek
 .data.SystemCoreClock
                0x0000000020000008        0x4 /home/bjoern/.cache/arduino/sketches/B4859D73BD6649CA87C0E6740254D16D/../../cores/sensebox_samd_sb_power_on_0743e0a0cbab6bbb1190cca0393ac711/core.a(wiring.c.o)
                0x0000000020000008                SystemCoreClock
 .data._ZL5ticks
                0x000000002000000c        0x4 /home/bjoern/.cache/arduino/sketches/B4859D73BD6649CA87C0E6740254D16D/../../cores/sensebox_samd_sb_power_on_0743e0a0cbab6bbb1190cca0393ac711/core.a(Reset.cpp.o)
 .data._impure_ptr
                0x0000000020000010        0x4 /home/bjoern/.arduino15/packages/arduino/tools/arm-none-eabi-gcc/7-2017q4/bin/../lib/gcc/arm-none-eabi/7.2.1/../../../../arm-none-eabi/lib/thumb/v6-m/libc_nano.a(lib_a-impure.o)
                0x0000000020000010                _impure_ptr
 .data.impure_data
                0x0000000020000014       0x60 /home/bjoern/.arduino15/packages/arduino/tools/arm-none-eabi-gcc/7-2017q4/bin/../lib/gcc/arm-none-eabi/7.2.1/../../../../arm-none-eabi/lib/thumb/v6-m/libc_nano.a(lib_a-impure.o)
                0x0000000020000074                . = ALIGN (0x4)
                0x0000000020000074                PROVIDE (__preinit_array_start, .)
 *(.preinit_array)
                0x0000000020000074                PROVIDE (__preinit_array_end, .)
                0x0000000020000074                . = ALIGN (0x4)
                0x0000000020000074                PROVIDE (__init_array_start, .)
 *(SORT_BY_NAME(.init_array.*))
 *(.init_array)
 .init_array    0x0000000020000074        0x4 /home/bjoern/.arduino15/packages/arduino/tools/arm-none-eabi-gcc/7-2017q4/bin/../lib/gcc/arm-none-eabi/7.2.1/thumb/v6-m/crtbegin.o
 .init_array    0x0000000020000078        0x4 /home/bjoern/.cache/arduino/sketches/B4859D73BD6649CA87C0E6740254D16D/sketch/serial-test.ino.cpp.o
 .init_array    0x000000002000007c        0x4 /home/bjoern/.cache/arduino/sketches/B4859D73BD6649CA87C0E6740254D16D/libraries/Wire/Wire.cpp.o
 .init_array    0x0000000020000080        0x4 /home/bjoern/.cache/arduino/sketches/B4859D73BD6649CA87C0E6740254D16D/core/variant.cpp.o
 .init_array    0x0000000020000084        0x4 /home/bjoern/.cache/arduino/sketches/B4859D73BD6649CA87C0E6740254D16D/../../cores/sensebox_samd_sb_power_on_0743e0a0cbab6bbb1190cca0393ac711/core.a(CDC.cpp.o)
 .init_array    0x0000000020000088        0x4 /home/bjoern/.cache/arduino/sketches/B4859D73BD6649CA87C0E6740254D16D/../../cores/sensebox_samd_sb_power_on_0743e0a0cbab6bbb1190cca0393ac711/core.a(USBCore.cpp.o)
                0x000000002000008c                PROVIDE (__init_array_end, .)
                0x000000002000008c                . = ALIGN (0x4)
                [!provide]                        PROVIDE (__fini_array_start, .)
 *(SORT_BY_NAME(.fini_array.*))
 *(.fini_array)
 .fini_array    0x000000002000008c        0x4 /home/bjoern/.arduino15/packages/arduino/tools/arm-none-eabi-gcc/7-2017q4/bin/../lib/gcc/arm-none-eabi/7.2.1/thumb/v6-m/crtbegin.o
                [!provide]                        PROVIDE (__fini_array_end, .)
 *(.jcr*)
                0x0000000020000090                . = ALIGN (0x10)
                0x0000000020000090                __data_end__ = .

.igot.plt       0x0000000020000090        0x0 load address 0x0000000000007730
 .igot.plt      0x0000000020000090        0x0 /home/bjoern/.arduino15/packages/arduino/tools/arm-none-eabi-gcc/7-2017q4/bin/../lib/gcc/arm-none-eabi/7.2.1/thumb/v6-m/crtbegin.o

.bss            0x0000000020000090     0x11f0 load address 0x0000000000007730
                0x0000000020000090                . = ALIGN (0x4)
                0x0000000020000090                __bss_start__ = .
 *(.bss*)
 .bss           0x0000000020000090       0x1c /home/bjoern/.arduino15/packages/arduino/tools/arm-none-eabi-gcc/7-2017q4/bin/../lib/gcc/arm-none-eabi/7.2.1/thumb/v6-m/crtbegin.o
 .bss.charger   0x00000000200000ac       0x18 /home/bjoern/.cache/arduino/sketches/B4859D73BD6649CA87C0E6740254D16D/sketch/serial-test.ino.cpp.o
                0x00000000200000ac                charger
 .bss.Wire      0x00000000200000c4      0x23c /home/bjoern/.cache/arduino/sketches/B4859D73BD6649CA87C0E6740254D16D/libraries/Wire/Wire.cpp.o
                0x00000000200000c4                Wire
 .bss.Wire1     0x0000000020000300      0x23c /home/bjoern/.cache/arduino/sketches/B4859D73BD6649CA87C0E6740254D16D/libraries/Wire/Wire.cpp.o
                0x0000000020000300                Wire1
 .bss.Serial1   0x000000002000053c      0x244 /home/bjoern/.cache/arduino/sketches/B4859D73BD6649CA87C0E6740254D16D/core/variant.cpp.o
                0x000000002000053c                Serial1
 .bss.Serial2   0x0000000020000780      0x244 /home/bjoern/.cache/arduino/sketches/B4859D73BD6649CA87C0E6740254D16D/core/variant.cpp.o
                0x0000000020000780                Serial2
 .bss.Serial3   0x00000000200009c4      0x244 /home/bjoern/.cache/arduino/sketches/B4859D73BD6649CA87C0E6740254D16D/core/variant.cpp.o
                0x00000000200009c4                Serial3
 .bss.sercom0   0x0000000020000c08        0x8 /home/bjoern/.cache/arduino/sketches/B4859D73BD6649CA87C0E6740254D16D/core/variant.cpp.o
                0x0000000020000c08                sercom0
 .bss.sercom1   0x0000000020000c10        0x8 /home/bjoern/.cache/arduino/sketches/B4859D73BD6649CA87C0E6740254D16D/core/variant.cpp.o
                0x0000000020000c10                sercom1
 .bss.sercom2   0x0000000020000c18        0x8 /home/bjoern/.cache/arduino/sketches/B4859D73BD6649CA87C0E6740254D16D/core/variant.cpp.o
                0x0000000020000c18                sercom2
 .bss.sercom3   0x0000000020000c20        0x8 /home/bjoern/.cache/arduino/sketches/B4859D73BD6649CA87C0E6740254D16D/core/variant.cpp.o
                0x0000000020000c20                sercom3
 .bss.sercom4   0x0000000020000c28        0x8 /home/bjoern/.cache/arduino/sketches/B4859D73BD6649CA87C0E6740254D16D/core/variant.cpp.o
                0x0000000020000c28                sercom4
 .bss.sercom5   0x0000000020000c30        0x8 /home/bjoern/.cache/arduino/sketches/B4859D73BD6649CA87C0E6740254D16D/core/variant.cpp.o
                0x0000000020000c30                sercom5
 .bss.SerialUSB
                0x0000000020000c38       0x3c /home/bjoern/.cache/arduino/sketches/B4859D73BD6649CA87C0E6740254D16D/../../cores/sensebox_samd_sb_power_on_0743e0a0cbab6bbb1190cca0393ac711/core.a(CDC.cpp.o)
                0x0000000020000c38                SerialUSB
 .bss.EndPoints
                0x0000000020000c74       0x28 /home/bjoern/.cache/arduino/sketches/B4859D73BD6649CA87C0E6740254D16D/../../cores/sensebox_samd_sb_power_on_0743e0a0cbab6bbb1190cca0393ac711/core.a(USBCore.cpp.o)
                0x0000000020000c74                EndPoints
 .bss.USBDevice